# Build an ARM Image vexpress

- How to Build an ARM Image: <https://medicineyeh.wordpress.com/2016/03/29/buildup-your-arm-image-for-qemu/>
- https://www.qemu.org/docs/master/system/arm/vexpress.html

## Git repository
- QEMU: https://github.com/qemu/qemu
- Linux source: https://github.com/torvalds/linux
- Linunx image: https://archlinuxarm.org/about/downloads
- Buildroot: git://git.buildroot.net/buildroot
- ARM platform: https://archlinuxarm.org/platforms/armv7


## build system
### 1. Linaro Toolchain 

[다운로드] <https://releases.linaro.org/components/toolchain/binaries/latest-7/>
```
$ tar xvf gcc-linaro-7.5.0-2019.12-x86_64_arm-linux-gnueabihf.tar.xz /opt
$ source env.sh
$ which  arm-linux-gnueabihf-gcc
/opt/gcc-linaro-7.5.0-2019.12-x86_64_arm-linux-gnueabihf/bin/arm-linux-gnueabihf-gcc
```
apt package  install 
```
$ sudo apt-get install git libncurses5-dev gcc-arm-linux-gnueabihf flex bison
```      

```
$ sudo apt intatll  qemu-system-arm
```
### 2. compile 
```
#!/bin/sh
export PATH=/opt/gcc-linaro-7.5.0-2019.12-x86_64_arm-linux-gnueabihf/bin:$PATH
export KERNEL=kernel7
export ARCH=arm
export CROSS_COMPILE=arm-linux-gnueabihf-
export TOOLCHAIN=arm-linux-gnueabihf
export KERNEL_MAKE_CONFIG=menuconfig
KERNEL=kernel7
make ARCH=arm CROSS_COMPILE=arm-linux-gnueabihf-  vexpress_defconfig
cat >> .config << EOF
CONFIG_CROSS_COMPILE="$TOOLCHAIN"
EOF
make ARCH=arm CROSS_COMPILE=arm-linux-gnueabihf- menuconfig
make ARCH=arm CROSS_COMPILE=arm-linux-gnueabihf- bzImage modules dtbs  -j$(nproc) 

cp arch/arm/boot/zImage ~/code/pi2
cp arch/arm/boot/dts/vexpress-v2p-ca9.dtb ~/code/pi2
```

### 3. run qemu-system-arm
raspbian-buster-lite.img, virtio-blk-device를 이용한 boot 
```
#!/bin/sh
export PATH=/opt/gcc-linaro-7.5.0-2019.12-x86_64_arm-linux-gnueabihf/bin:$PATH
export KERNEL=kernel7
export ARCH=arm
export CROSS_COMPILE=arm-linux-gnueabihf-
export TOOLCHAIN=arm-linux-gnueabihf
export KERNEL_MAKE_CONFIG=menuconfig
KERNEL=kernel7
qemu-system-arm \
  -M vexpress-a9  \
  -dtb vexpress-v2p-ca9.dtb \
  -kernel zImage  \
  -append "root=/dev/vda2 rw console=ttyAMA0" \
  -device virtio-blk-device,drive=disk \
  -drive if=none,id=disk,file=2020-05-27-raspios-buster-lite-armhf.img \
  -no-reboot \
  -nographic
==> booting  
```
arch_rootfs.ext4, SD카드를 이용한 boot
- -sd: It is a higher level API to specify a drive. It’s equivalent to “-drive if=sd,file=”
```
#!/bin/sh
export PATH=/opt/gcc-linaro-7.5.0-2019.12-x86_64_arm-linux-gnueabihf/bin:$PATH
export KERNEL=kernel7
export ARCH=arm
export CROSS_COMPILE=arm-linux-gnueabihf-
export TOOLCHAIN=arm-linux-gnueabihf
qemu-system-arm \
  -M vexpress-a9  \
  -dtb vexpress-v2p-ca9.dtb \
  -kernel  zImage_arch \
  -append "root=/dev/mmcblk0 rw roottype=ext4 console=ttyAMA0" \
  -drive if=sd,driver=raw,cache=writeback,file=arch_rootfs.ext4 \
  -no-reboot \
  -nographic
==> booting  
```
※ 이것은 참고 https://blukat29.github.io/2016/08/running-arm-in-qemu/
```
$ qemu-system-arm -M vexpress-a9 \
    -kernel vmlinuz-3.2.0-4-vexpress \
    -initrd initrd.img-3.2.0-4-vexpress \
    -drive if=sd,file=debian_wheezy_armhf_standard.qcow2 \
    -append "root=/dev/mmcblk0p2 console=ttyAMA0" \
    -net nic -net user,hostfwd=tcp::10022-:22 \
    -nographic
$ wget https://people.debian.org/~aurel32/qemu/armhf/debian_wheezy_armhf_standard.qcow2
$ wget https://people.debian.org/~aurel32/qemu/armhf/initrd.img-3.2.0-4-vexpress
$ wget https://people.debian.org/~aurel32/qemu/armhf/vmlinuz-3.2.0-4-vexpress
```
### 4. switch to qemu_bridge (netclt)

#### host OS
```
# Switch to bridge. qemu_bridge is the netctl config file
$ netctl switch-to qemu_bridge

# Assign gateway IP for bridge (This enables host to ssh guest)
$sudo ip addr add dev br0 192.168.0.254/24

# IPv4 forwarding (This enables guest to connect to global net. -o must be the name of  bridge you used)
$sudo iptables -t nat -A POSTROUTING -o br0 -j MASQUERADE
$sudo sysctl -w net.ipv4.ip_forward=1
```

/etc/qemu-ifup
```
#!/bin/sh
 
echo "Executing /etc/qemu-ifup"
echo "Bringing up $1 for bridged mode..."
sudo /usr/bin/ip link set $1 up promisc on
echo "Adding $1 to br0..."
sudo /usr/bin/brctl addif br0 $1
sleep 2
````

/etc/qemu-ifdown
```
#!/bin/sh 
echo "Executing /etc/qemu-ifdown"
sudo /usr/bin/ip link set $1 down
sudo /usr/bin/brctl delif br0 $1
sudo /usr/bin/ip link delete dev $1
```

```
$ sudo chmod +x /etc/qemu-ifup /etc/qemu-ifdown
```

#### Guest OS
In Arch ARM, you can enable the network by setting proper IP and correct gateway of br0.
```
# Set IP
$ ip addr add 192.168.0.2/24 dev eth0

# Set gateway to br0(host)
$ip route add default via 192.168.0.254 dev eth0

# Set DNS name server
$ echo "nameserver 8.8.8.8" >> /etc/resolv.conf
# Use IPv4 mode of ping

$ping -4 8.8.8.8
```
#### Qemu script
```
#!/bin/bash
 
#export an environment variable with format print
printf -v macaddr "52:54:%02x:%02x:%02x:%02x" $(( $RANDOM & 0xff)) $(( $RANDOM & 0xff )) $(( $RANDOM & 0xff)) $(( $RANDOM & 0xff ))
 
sudo qemu-system-arm \
    -M vexpress-a9 \
    -kernel ./zImage_arch \
    -dtb ./vexpress-v2p-ca9.dtb \
    --nographic \
    -append &quot;root=/dev/mmcblk0 rw roottype=ext4 console=ttyAMA0&quot; \
    -drive if=sd,driver=raw,cache=writeback,file=./arch_rootfs.ext4 \
    -net nic,macaddr=$macaddr \
    -net tap,vlan=0,ifname=tap0 \
    -snapshot
```


### 4. raspbian  config
sshd config
```
# raspi-config

1. Enter sudo raspi-config in a terminal window.
2. Select Interfacing Options.
3. Navigate to and select SSH.
4. Choose Yes.
5. Select Ok.
6. Choose Finish.

#cat /etc/ssh/sshd_config
Port 22
AddressFamily any
ListenAddress 0.0.0.0
ListenAddress ::
LogLevel INFO
PermitRootLogin yes
PasswordAuthentication yes
ChallengeResponseAuthentication no
UsePAM yes
X11Forwarding yes
PrintMotd no
AcceptEnv LANG LC_*
Subsystem	sftp	/usr/lib/openssh/sftp-server

# systemctl restart sshd
```
application install 
```
# apt install net-tools
```

## system config 

### kernel boot info

```
$ uname -a
Linux raspberrypi 4.19.127+ #28 SMP Tue Jul 28 20:58:28 KST 2020 armv7l GNU/Linux

# cat /proc/cmdline 
root=/dev/vda2 rw console=ttyAMA0

# cat /boot/cmdline.txt 
console=serial0,115200 console=tty1 root=PARTUUID=738a4d67-02 rootfstype=ext4 elevator=deadline fsck.repair=yes rootwait quiet init=/usr/lib/raspi-config/init_resize.sh

# cat /etc/fstab
proc            /proc           proc    defaults          0       0
PARTUUID=738a4d67-01  /boot           vfat    defaults          0       2
PARTUUID=738a4d67-02  /               ext4    defaults,noatime  0       1
```
cmdline.txt에서 보면  root 파티션의 UUID를 지정하도록 되어 있다. block 장치 목록을 보면 어차치 /dev/vda2로 되어 있기 때문에 해당 파티션을 찾아서 booting 된다. 
```
# lsblk
NAME      MAJ:MIN RM  SIZE RO TYPE MOUNTPOINT
mtdblock0  31:0    0  128M  0 disk 
mtdblock1  31:1    0   32M  0 disk 
vda       254:0    0  1.7G  0 disk 
├─vda1    254:1    0  256M  0 part /boot
└─vda2    254:2    0  1.5G  0 part /
```
config 
```
# zcat /proc/config.gz > newconfig
```

dmesg
```
# dmesg
[    0.000000] Booting Linux on physical CPU 0x0
[    0.000000] Linux version 4.19.127+ (good@good-VirtualBox) (gcc version 7.5.0 (Linaro GCC 7.5-2019.12)) #28 SMP Tue Jul 28 20:58:28 KST 2020
[    0.000000] CPU: ARMv7 Processor [410fc090] revision 0 (ARMv7), cr=10c5387d
[    0.000000] CPU: PIPT / VIPT nonaliasing data cache, VIPT nonaliasing instruction cache
[    0.000000] OF: fdt: Machine model: V2P-CA9
[    0.000000] Memory policy: Data cache writeback
[    0.000000] On node 0 totalpages: 32768
[    0.000000]   Normal zone: 256 pages used for memmap
[    0.000000]   Normal zone: 0 pages reserved
[    0.000000]   Normal zone: 32768 pages, LIFO batch:7
[    0.000000] CPU: All CPU(s) started in SVC mode.
[    0.000000] random: get_random_bytes called from start_kernel+0x94/0x478 with crng_init=0
[    0.000000] percpu: Embedded 16 pages/cpu s32780 r8192 d24564 u65536
[    0.000000] pcpu-alloc: s32780 r8192 d24564 u65536 alloc=16*4096
[    0.000000] pcpu-alloc: [0] 0 [0] 1 [0] 2 [0] 3 
[    0.000000] Built 1 zonelists, mobility grouping on.  Total pages: 32512
[    0.000000] Kernel command line: root=/dev/vda2 rw console=ttyAMA0
[    0.000000] log_buf_len individual max cpu contribution: 4096 bytes
[    0.000000] log_buf_len total cpu_extra contributions: 12288 bytes
[    0.000000] log_buf_len min size: 16384 bytes
[    0.000000] log_buf_len: 32768 bytes
[    0.000000] early log buf free: 15028(91%)
[    0.000000] Dentry cache hash table entries: 16384 (order: 4, 65536 bytes)
[    0.000000] Inode-cache hash table entries: 8192 (order: 3, 32768 bytes)
[    0.000000] Memory: 119768K/131072K available (6144K kernel code, 397K rwdata, 1396K rodata, 1024K init, 157K bss, 11304K reserved, 0K cma-reserved)
[    0.000000] Virtual kernel memory layout:
```

CPU
```
# cat /proc/cpuinfo 
processor	: 0
model name	: ARMv7 Processor rev 0 (v7l)
BogoMIPS	: 720.89
Features	: half thumb fastmult vfp edsp neon vfpv3 tls vfpd32 
CPU implementer	: 0x41
CPU architecture: 7
CPU variant	: 0x0
CPU part	: 0xc09
CPU revision	: 0

Hardware	: ARM-Versatile Express
Revision	: 0000
Serial		: 0000000000000000
Model		: V2P-CA9


root@raspberrypi:/proc# lscpu
Architecture:         armv7l
Byte Order:           Little Endian
CPU(s):               4
On-line CPU(s) list:  0
Off-line CPU(s) list: 1-3
Thread(s) per core:   1
Core(s) per socket:   1
Socket(s):            1
Vendor ID:            ARM
Model:                0
Model name:           Cortex-A9
Stepping:             r0p0
BogoMIPS:             720.89
Flags:                half thumb fastmult vfp edsp neon vfpv3 tls vfpd32
```
little Endian ?


### system command
```
# dmidecode -t bios
# dmidecode -t system
# dmidecode -t processor
# lscpu
# dmidecode -t memory
# lsmem
# free -m
# lspci
# ethtool enp0s3
```
