# boot log
##  2020-02-13-raspbian-buster-lite.img
### config vexpress-a9
```
#!/bin/sh
export PATH=/opt/gcc-linaro-7.5.0-2019.12-x86_64_arm-linux-gnueabihf/bin:$PATH
export KERNEL=kernel7
export ARCH=arm
export CROSS_COMPILE=arm-linux-gnueabihf-
export TOOLCHAIN=arm-linux-gnueabihf
export KERNEL_MAKE_CONFIG=menuconfig
KERNEL=kernel7
qemu-system-arm \
  -M vexpress-a9  \
  -dtb vexpress-v2p-ca9.dtb \
  -kernel zImage  \
  -append "root=/dev/vda2 rw console=ttyAMA0" \
  -device virtio-blk-device,drive=disk \
  -drive if=none,id=disk,file=2020-02-13-raspbian-buster-lite.img \
  -no-reboot \
  -nographic
==>booting   

pi@raspberrypi:~$ sudo fdisk -l /dev/vda
Disk /dev/vda: 1.7 GiB, 1849688064 bytes, 3612672 sectors
Units: sectors of 1 * 512 = 512 bytes
Sector size (logical/physical): 512 bytes / 512 bytes
I/O size (minimum/optimal): 512 bytes / 512 bytes
Disklabel type: dos
Disk identifier: 0x738a4d67

Device     Boot  Start     End Sectors  Size Id Type
/dev/vda1         8192  532479  524288  256M  c W95 FAT32 (LBA)
/dev/vda2       532480 3612671 3080192  1.5G 83 Linux

```  

### log vexpress-a9
```
WARNING: Image format was not specified for '2020-02-13-raspbian-buster-lite.img' and probing guessed raw.
         Automatically detecting the format is dangerous for raw images, write operations on block 0 will be restricted.
         Specify the 'raw' format explicitly to remove the restrictions.
pulseaudio: set_sink_input_volume() failed
pulseaudio: Reason: Invalid argument
pulseaudio: set_sink_input_mute() failed
pulseaudio: Reason: Invalid argument
Booting Linux on physical CPU 0x0
Linux version 4.19.127+ (good@good-VirtualBox) (gcc version 7.5.0 (Linaro GCC 7.5-2019.12)) #28 SMP Tue Jul 28 20:58:28 KST 2020
CPU: ARMv7 Processor [410fc090] revision 0 (ARMv7), cr=10c5387d
CPU: PIPT / VIPT nonaliasing data cache, VIPT nonaliasing instruction cache
OF: fdt: Machine model: V2P-CA9
Memory policy: Data cache writeback
CPU: All CPU(s) started in SVC mode.
random: get_random_bytes called from start_kernel+0x94/0x478 with crng_init=0
percpu: Embedded 16 pages/cpu s32780 r8192 d24564 u65536
Built 1 zonelists, mobility grouping on.  Total pages: 32512
Kernel command line: root=/dev/vda2 rw console=ttyAMA0
log_buf_len individual max cpu contribution: 4096 bytes
log_buf_len total cpu_extra contributions: 12288 bytes
log_buf_len min size: 16384 bytes
log_buf_len: 32768 bytes
early log buf free: 15028(91%)
Dentry cache hash table entries: 16384 (order: 4, 65536 bytes)
Inode-cache hash table entries: 8192 (order: 3, 32768 bytes)
Memory: 119768K/131072K available (6144K kernel code, 397K rwdata, 1396K rodata, 1024K init, 157K bss, 11304K reserved, 0K cma-reserved)
Virtual kernel memory layout:
    vector  : 0xffff0000 - 0xffff1000   (   4 kB)
    fixmap  : 0xffc00000 - 0xfff00000   (3072 kB)
    vmalloc : 0x88800000 - 0xff800000   (1904 MB)
    lowmem  : 0x80000000 - 0x88000000   ( 128 MB)
    modules : 0x7f000000 - 0x80000000   (  16 MB)
      .text : 0x(ptrval) - 0x(ptrval)   (7136 kB)
      .init : 0x(ptrval) - 0x(ptrval)   (1024 kB)
      .data : 0x(ptrval) - 0x(ptrval)   ( 398 kB)
       .bss : 0x(ptrval) - 0x(ptrval)   ( 158 kB)
SLUB: HWalign=64, Order=0-3, MinObjects=0, CPUs=4, Nodes=1
rcu: Hierarchical RCU implementation.
rcu: 	RCU event tracing is enabled.
rcu: 	RCU restricting CPUs from NR_CPUS=8 to nr_cpu_ids=4.
rcu: Adjusting geometry for rcu_fanout_leaf=16, nr_cpu_ids=4
NR_IRQS: 16, nr_irqs: 16, preallocated irqs: 16
GIC CPU mask not found - kernel will fail to boot.
GIC CPU mask not found - kernel will fail to boot.
L2C: platform modifies aux control register: 0x02020000 -> 0x02420000
L2C: DT/platform modifies aux control register: 0x02020000 -> 0x02420000
L2C-310 enabling early BRESP for Cortex-A9
L2C-310 full line of zeros enabled for Cortex-A9
L2C-310 dynamic clock gating disabled, standby mode disabled
L2C-310 cache controller enabled, 8 ways, 128 kB
L2C-310: CACHE_ID 0x410000c8, AUX_CTRL 0x46420001
sched_clock: 32 bits at 24MHz, resolution 41ns, wraps every 89478484971ns
clocksource: arm,sp804: mask: 0xffffffff max_cycles: 0xffffffff, max_idle_ns: 1911260446275 ns
Failed to initialize '/smb@4000000/motherboard/iofpga@7,00000000/timer@12000': -22
smp_twd: clock not found -2
Console: colour dummy device 80x30
Calibrating local timer... 97.54MHz.
Calibrating delay loop... 720.89 BogoMIPS (lpj=3604480)
pid_max: default: 32768 minimum: 301
Mount-cache hash table entries: 1024 (order: 0, 4096 bytes)
Mountpoint-cache hash table entries: 1024 (order: 0, 4096 bytes)
CPU: Testing write buffer coherency: ok
CPU0: Spectre v2: using BPIALL workaround
CPU0: thread -1, cpu 0, socket 0, mpidr 80000000
Setting up static identity map for 0x60100000 - 0x60100060
rcu: Hierarchical SRCU implementation.
smp: Bringing up secondary CPUs ...
smp: Brought up 1 node, 1 CPU
SMP: Total of 1 processors activated (720.89 BogoMIPS).
CPU: All CPU(s) started in SVC mode.
devtmpfs: initialized
VFP support v0.3: implementor 41 architecture 3 part 30 variant 9 rev 0
clocksource: jiffies: mask: 0xffffffff max_cycles: 0xffffffff, max_idle_ns: 19112604462750000 ns
futex hash table entries: 1024 (order: 4, 65536 bytes)
NET: Registered protocol family 16
DMA: preallocated 256 KiB pool for atomic coherent allocations
cpuidle: using governor ladder
hw-breakpoint: debug architecture 0x4 unsupported.
Serial: AMBA PL011 UART driver
10009000.uart: ttyAMA0 at MMIO 0x10009000 (irq = 29, base_baud = 0) is a PL011 rev1
console [ttyAMA0] enabled
1000a000.uart: ttyAMA1 at MMIO 0x1000a000 (irq = 30, base_baud = 0) is a PL011 rev1
1000b000.uart: ttyAMA2 at MMIO 0x1000b000 (irq = 31, base_baud = 0) is a PL011 rev1
1000c000.uart: ttyAMA3 at MMIO 0x1000c000 (irq = 32, base_baud = 0) is a PL011 rev1
OF: amba_device_add() failed (-19) for /smb@4000000/motherboard/iofpga@7,00000000/wdt@f000
OF: amba_device_add() failed (-19) for /memory-controller@100e0000
OF: amba_device_add() failed (-19) for /memory-controller@100e1000
OF: amba_device_add() failed (-19) for /watchdog@100e5000
irq: type mismatch, failed to map hwirq-75 for interrupt-controller@1e001000!
SCSI subsystem initialized
usbcore: registered new interface driver usbfs
usbcore: registered new interface driver hub
usbcore: registered new device driver usb
Advanced Linux Sound Architecture Driver Initialized.
clocksource: Switched to clocksource arm,sp804
NET: Registered protocol family 2
tcp_listen_portaddr_hash hash table entries: 512 (order: 0, 6144 bytes)
TCP established hash table entries: 1024 (order: 0, 4096 bytes)
TCP bind hash table entries: 1024 (order: 1, 8192 bytes)
TCP: Hash tables configured (established 1024 bind 1024)
UDP hash table entries: 256 (order: 1, 8192 bytes)
UDP-Lite hash table entries: 256 (order: 1, 8192 bytes)
NET: Registered protocol family 1
RPC: Registered named UNIX socket transport module.
RPC: Registered udp transport module.
RPC: Registered tcp transport module.
RPC: Registered tcp NFSv4.1 backchannel transport module.
hw perfevents: enabled with armv7_cortex_a9 PMU driver, 5 counters available
workingset: timestamp_bits=30 max_order=15 bucket_order=0
squashfs: version 4.0 (2009/01/31) Phillip Lougher
jffs2: version 2.2. (NAND) © 2001-2006 Red Hat, Inc.
9p: Installing v9fs 9p2000 file system support
io scheduler noop registered (default)
io scheduler mq-deadline registered
io scheduler kyber registered
clcd-pl11x 1001f000.clcd: PL111 designer 41 rev2 at 0x1001f000
clcd-pl11x 1001f000.clcd: clcd@1f000 hardware, 640x480@59 display
Console: switching to colour frame buffer device 80x30
clcd-pl11x 10020000.clcd: PL111 designer 41 rev2 at 0x10020000
clcd-pl11x 10020000.clcd: clcd@10020000 hardware, 1024x768@59 display
virtio_blk virtio0: [vda] 3612672 512-byte logical blocks (1.85 GB/1.72 GiB)
 vda: vda1 vda2
40000000.flash: Found 2 x16 devices at 0x0 in 32-bit bank. Manufacturer ID 0x000000 Chip ID 0x000000
Intel/Sharp Extended Query Table at 0x0031
Using buffer write method
40000000.flash: Found 2 x16 devices at 0x0 in 32-bit bank. Manufacturer ID 0x000000 Chip ID 0x000000
Intel/Sharp Extended Query Table at 0x0031
Using buffer write method
Concatenating MTD devices:
(0): "40000000.flash"
(1): "40000000.flash"
into device "40000000.flash"
libphy: Fixed MDIO Bus: probed
smsc911x 4e000000.ethernet: Linked as a consumer to regulator.1
libphy: smsc911x-mdio: probed
smsc911x 4e000000.ethernet eth0: MAC Address: 52:54:00:12:34:56
isp1760 4f000000.usb: bus width: 32, oc: digital
isp1760 4f000000.usb: NXP ISP1760 USB Host Controller
isp1760 4f000000.usb: new USB bus registered, assigned bus number 1
isp1760 4f000000.usb: Scratch test failed.
isp1760 4f000000.usb: can't setup: -19
isp1760 4f000000.usb: USB bus 1 deregistered
usbcore: registered new interface driver usb-storage
rtc-pl031 10017000.rtc: rtc core: registered pl031 as rtc0
mmci-pl18x 10005000.mmci: /aliases ID not available
mmci-pl18x 10005000.mmci: Got CD GPIO
mmci-pl18x 10005000.mmci: Got WP GPIO
mmci-pl18x 10005000.mmci: Linked as a consumer to regulator.1
mmci-pl18x 10005000.mmci: mmc0: PL181 manf 41 rev0 at 0x10005000 irq 25,26 (pio)
ledtrig-cpu: registered to indicate activity on CPUs
usbcore: registered new interface driver usbhid
usbhid: USB HID core driver
aaci-pl041 10004000.aaci: ARM AC'97 Interface PL041 rev0 at 0x10004000, irq 24
aaci-pl041 10004000.aaci: FIFO 512 entries
oprofile: using arm/armv7-ca9
NET: Registered protocol family 17
9pnet: Installing 9P2000 support
Registering SWP/SWPB emulation handler
input: AT Raw Set 2 keyboard as /devices/platform/smb@4000000/smb@4000000:motherboard/smb@4000000:motherboard:iofpga@7,00000000/10006000.kmi/serio0/input/input0
rtc-pl031 10017000.rtc: setting system clock to 2020-07-28 12:19:10 UTC (1595938750)
ALSA device list:
  #0: ARM AC'97 Interface PL041 rev0 at 0x10004000, irq 24
input: ImExPS/2 Generic Explorer Mouse as /devices/platform/smb@4000000/smb@4000000:motherboard/smb@4000000:motherboard:iofpga@7,00000000/10007000.kmi/serio1/input/input2
EXT4-fs (vda2): mounted filesystem with ordered data mode. Opts: (null)
VFS: Mounted root (ext4 filesystem) on device 254:2.
Freeing unused kernel memory: 1024K
Run /sbin/init as init process
random: fast init done
systemd[1]: Failed to lookup module alias 'autofs4': Function not implemented
systemd[1]: systemd 241 running in system mode. (+PAM +AUDIT +SELINUX +IMA +APPARMOR +SMACK +SYSVINIT +UTMP +LIBCRYPTSETUP +GCRYPT +GNUTLS +ACL +XZ +LZ4 +SECCOMP +BLKID +ELFUTILS +KMOD -IDN2 +IDN -PCRE2 default-hierarchy=hybrid)
systemd[1]: Detected architecture arm.

Welcome to Raspbian GNU/Linux 10 (buster)!

systemd[1]: Set hostname to <raspberrypi>.
systemd[1]: Failed to bump fs.file-max, ignoring: Invalid argument
systemd[1]: File /lib/systemd/system/systemd-journald.service:12 configures an IP firewall (IPAddressDeny=any), but the local system does not support BPF/cgroup based firewalling.
systemd[1]: Proceeding WITHOUT firewalling in effect! (This warning is only shown for the first loaded unit using IP firewalling.)
random: systemd: uninitialized urandom read (16 bytes read)
random: systemd: uninitialized urandom read (16 bytes read)
systemd[1]: Created slice system-systemd\x2dfsck.slice.
[  OK  ] Created slice system-systemd\x2dfsck.slice.
random: systemd: uninitialized urandom read (16 bytes read)
systemd[1]: Listening on Journal Socket (/dev/log).
[  OK  ] Listening on Journal Socket (/dev/log).
systemd[1]: Created slice system-getty.slice.
[  OK  ] Created slice system-getty.slice.
systemd[1]: Created slice system-serial\x2dgetty.slice.
[  OK  ] Created slice system-serial\x2dgetty.slice.
[  OK  ] Listening on Journal Socket.
         Starting Set the console keyboard layout...
         Starting Load Kernel Modules...
[  OK  ] Listening on initctl Compatibility Named Pipe.
[  OK  ] Listening on udev Control Socket.
[  OK  ] Created slice User and Session Slice.
[  OK  ] Listening on fsck to fsckd communication Socket.
         Starting Restore / save the current clock...
[  OK  ] Started Forward Password R…uests to Wall Directory Watch.
[  OK  ] Reached target Slices.
[  OK  ] Listening on udev Kernel Socket.
         Starting udev Coldplug all Devices...
[  OK  ] Reached target Swap.
         Mounting RPC Pipe File System...
[  OK  ] Started Dispatch Password …ts to Console Directory Watch.
[  OK  ] Reached target Local Encrypted Volumes.
[  OK  ] Listening on Syslog Socket.
         Starting Journal Service...
systemd[1]: Mounting Kernel Debug File System...
         Mounting Kernel Debug File System...
systemd[1]: Reached target Paths.
[  OK  ] Reached target Paths.
systemd[1]: Started Load Kernel Modules.
[  OK  ] Started Load Kernel Modules.
systemd[1]: Mounted RPC Pipe File System.
[  OK  ] Mounted RPC Pipe File System.
systemd[1]: Mounted Kernel Debug File System.
[  OK  ] Mounted Kernel Debug File System.
systemd[1]: Condition check resulted in Kernel Configuration File System being skipped.
systemd[1]: Condition check resulted in FUSE Control File System being skipped.
systemd[1]: Starting Apply Kernel Variables...
         Starting Apply Kernel Variables...
systemd[1]: Started Restore / save the current clock.
[  OK  ] Started Restore / save the current clock.
systemd[1]: Condition check resulted in File System Check on Root Device being skipped.
         Starting Remount Root and Kernel File Systems...
[  OK  ] Started Apply Kernel Variables.
[  OK  ] Started Journal Service.
[  OK  ] Started Remount Root and Kernel File Systems.
         Starting Flush Journal to Persistent Storage...
         Starting Load/Save Random Seed...
         Starting Create System Users...
[  OK  ] Started Load/Save Random Seed.
[  OK  ] Started Flush Journal to Persistent Storage.
[  OK  ] Started Create System Users.
         Starting Create Static Device Nodes in /dev...
[  OK  ] Started Create Static Device Nodes in /dev.
         Starting udev Kernel Device Manager...
[  OK  ] Started Set the console keyboard layout.
[  OK  ] Reached target Local File Systems (Pre).
[  OK  ] Started udev Kernel Device Manager.
[  OK  ] Started udev Coldplug all Devices.
         Starting Helper to synchronize boot up for ifupdown...
[  OK  ] Started Helper to synchronize boot up for ifupdown.
[  OK  ] Found device /dev/disk/by-partuuid/738a4d67-01.
[  OK  ] Found device /dev/ttyAMA0.
         Starting File System Check…isk/by-partuuid/738a4d67-01...
[  OK  ] Started File System Check Daemon to report status.
[  OK  ] Started File System Check …/disk/by-partuuid/738a4d67-01.
         Mounting /boot...
[  OK  ] Mounted /boot.
[  OK  ] Reached target Local File Systems.
         Starting Set console font and keymap...
         Starting Raise network interfaces...
         Starting Preprocess NFS configuration...
         Starting Create Volatile Files and Directories...
[  OK  ] Started Set console font and keymap.
[  OK  ] Started Preprocess NFS configuration.
[  OK  ] Reached target NFS client services.
[  OK  ] Reached target Remote File Systems (Pre).
[  OK  ] Reached target Remote File Systems.
[  OK  ] Started Create Volatile Files and Directories.
         Starting Update UTMP about System Boot/Shutdown...
         Starting Network Time Synchronization...
[  OK  ] Started Update UTMP about System Boot/Shutdown.
[  OK  ] Started Network Time Synchronization.
[  OK  ] Reached target System Initialization.
[  OK  ] Listening on D-Bus System Message Bus Socket.
[  OK  ] Listening on triggerhappy.socket.
[  OK  ] Listening on Avahi mDNS/DNS-SD Stack Activation Socket.
[  OK  ] Reached target Sockets.
[  OK  ] Reached target Basic System.
         Starting dphys-swapfile - …unt, and delete a swap file...
         Starting Login Service...
[  OK  ] Started D-Bus System Message Bus.
[  OK  ] Started Regular background program processing daemon.
         Starting LSB: Switch to on…nless shift key is pressed)...
         Starting dhcpcd on all interfaces...
         Starting rng-tools.service...
         Starting System Logging Service...
         Starting WPA supplicant...
         Starting triggerhappy global hotkey daemon...
[  OK  ] Started Daily Cleanup of Temporary Directories.
         Starting Check for Raspberry Pi EEPROM updates...
         Starting Avahi mDNS/DNS-SD Stack...
[  OK  ] Started Manage Sound Card State (restore and store).
         Starting Save/Restore Sound Card State...
[  OK  ] Reached target System Time Synchronized.
[  OK  ] Started Daily man-db regeneration.
[  OK  ] Started Daily apt download activities.
[  OK  ] Started Daily apt upgrade and clean activities.
[  OK  ] Started Daily rotation of log files.
[  OK  ] Reached target Timers.
[  OK  ] Started triggerhappy global hotkey daemon.
[  OK  ] Started System Logging Service.
[FAILED] Failed to start rng-tools.service.
See 'systemctl status rng-tools.service' for details.
[  OK  ] Started Check for Raspberry Pi EEPROM updates.
[  OK  ] Started Save/Restore Sound Card State.
[  OK  ] Started Raise network interfaces.
[  OK  ] Started Avahi mDNS/DNS-SD Stack.
[  OK  ] Started WPA supplicant.
[  OK  ] Reached target Sound Card.
[  OK  ] Started Login Service.
[  OK  ] Started dphys-swapfile - s…mount, and delete a swap file.
[  OK  ] Started LSB: Switch to ond…(unless shift key is pressed).
[  OK  ] Started dhcpcd on all interfaces.
[  OK  ] Reached target Network.
         Starting Permit User Sessions...
         Starting /etc/rc.local Compatibility...
My IP address is 10.0.2.15 
[  OK  ] Started /etc/rc.local Compatibility.
[  OK  ] Started Permit User Sessions.
[  OK  ] Started Getty on tty1.
[  OK  ] Started Serial Getty on ttyAMA0.
[  OK  ] Reached target Login Prompts.

Raspbian GNU/Linux 10 raspberrypi ttyAMA0
login: pi
Password: raspberry

$ lsblk
NAME      MAJ:MIN RM  SIZE RO TYPE MOUNTPOINT
mtdblock0  31:0    0  128M  0 disk 
mtdblock1  31:1    0   32M  0 disk 
vda       254:0    0  1.7G  0 disk 
├─vda1    254:1    0  256M  0 part /boot
└─vda2    254:2    0  1.5G  0 part /
```

## versatilepb, raspbian-buster
### config  versatilepb
```
$ cat run4.sh
qemu-system-arm \
  -M versatilepb \
  -cpu arm1176 \
  -m 256 \
  -hda  2020-02-13-raspbian-buster-lite.img \
  -dtb versatile-pb.dtb \
  -kernel kernel-qemu-4.19.50-buster  \
  -append 'root=/dev/sda2 panic=1' \
  -no-reboot \
  -nographic

Disk /dev/sda: 1.7 GiB, 1849688064 bytes, 3612672 sectors
Disk model: QEMU HARDDISK   
Units: sectors of 1 * 512 = 512 bytes
Sector size (logical/physical): 512 bytes / 512 bytes
I/O size (minimum/optimal): 512 bytes / 512 bytes
Disklabel type: dos
Disk identifier: 0x738a4d67

Device     Boot  Start     End Sectors  Size Id Type
/dev/sda1         8192  532479  524288  256M  c W95 FAT32 (LBA)
/dev/sda2       532480 3612671 3080192  1.5G 83 Linux  
```

### log  versatilepb
```  
good@good-VirtualBox:~/code/rpi$ sh  run4.sh
WARNING: Image format was not specified for '2020-02-13-raspbian-buster-lite.img' and probing guessed raw.
         Automatically detecting the format is dangerous for raw images, write operations on block 0 will be restricted.
         Specify the 'raw' format explicitly to remove the restrictions.
pulseaudio: set_sink_input_volume() failed
pulseaudio: Reason: Invalid argument
pulseaudio: set_sink_input_mute() failed
pulseaudio: Reason: Invalid argument
vpb_sic_write: Bad register offset 0x2c
Booting Linux on physical CPU 0x0
Linux version 4.19.50+ (niklas@ubuntu) (gcc version 9.2.1 20191008 (Ubuntu 9.2.1-9ubuntu2)) #1 Tue Nov 26 01:49:16 CET 2019
CPU: ARMv6-compatible processor [410fb767] revision 7 (ARMv7), cr=00c5387d
CPU: VIPT aliasing data cache, unknown instruction cache
OF: fdt: Machine model: ARM Versatile PB
Memory policy: Data cache writeback
random: get_random_bytes called from start_kernel+0x88/0x414 with crng_init=0
Built 1 zonelists, mobility grouping on.  Total pages: 64960
Kernel command line: root=/dev/sda2 panic=1
Dentry cache hash table entries: 32768 (order: 5, 131072 bytes)
Inode-cache hash table entries: 16384 (order: 4, 65536 bytes)
Memory: 252032K/262144K available (5406K kernel code, 211K rwdata, 1360K rodata, 196K init, 142K bss, 10112K reserved, 0K cma-reserved)
Virtual kernel memory layout:
    vector  : 0xffff0000 - 0xffff1000   (   4 kB)
    fixmap  : 0xffc00000 - 0xfff00000   (3072 kB)
    vmalloc : 0xd0800000 - 0xff800000   ( 752 MB)
    lowmem  : 0xc0000000 - 0xd0000000   ( 256 MB)
    modules : 0xbf000000 - 0xc0000000   (  16 MB)
      .text : 0x(ptrval) - 0x(ptrval)   (5408 kB)
      .init : 0x(ptrval) - 0x(ptrval)   ( 196 kB)
      .data : 0x(ptrval) - 0x(ptrval)   ( 212 kB)
       .bss : 0x(ptrval) - 0x(ptrval)   ( 143 kB)
NR_IRQS: 16, nr_irqs: 16, preallocated irqs: 16
VIC @(ptrval): id 0x00041190, vendor 0x41
FPGA IRQ chip 0 "intc" @ (ptrval), 20 irqs, parent IRQ: 47
clocksource: arm,sp804: mask: 0xffffffff max_cycles: 0xffffffff, max_idle_ns: 1911260446275 ns
sched_clock: 32 bits at 1000kHz, resolution 1000ns, wraps every 2147483647500ns
Failed to initialize '/amba/timer@101e3000': -22
sched_clock: 32 bits at 24MHz, resolution 41ns, wraps every 89478484971ns
Console: colour dummy device 80x30
console [tty0] enabled
Calibrating delay loop... 606.20 BogoMIPS (lpj=3031040)
pid_max: default: 32768 minimum: 301
Mount-cache hash table entries: 1024 (order: 0, 4096 bytes)
Mountpoint-cache hash table entries: 1024 (order: 0, 4096 bytes)
CPU: Testing write buffer coherency: ok
Setting up static identity map for 0x8220 - 0x827c
devtmpfs: initialized
VFP support v0.3: implementor 41 architecture 1 part 20 variant b rev 5
clocksource: jiffies: mask: 0xffffffff max_cycles: 0xffffffff, max_idle_ns: 19112604462750000 ns
futex hash table entries: 256 (order: -1, 3072 bytes)
NET: Registered protocol family 16
DMA: preallocated 256 KiB pool for atomic coherent allocations
OF: amba_device_add() failed (-19) for /amba/smc@10100000
OF: amba_device_add() failed (-19) for /amba/mpmc@10110000
OF: amba_device_add() failed (-19) for /amba/sctl@101e0000
OF: amba_device_add() failed (-19) for /amba/watchdog@101e1000
OF: amba_device_add() failed (-19) for /amba/sci@101f0000
OF: amba_device_add() failed (-19) for /amba/spi@101f4000
OF: amba_device_add() failed (-19) for /amba/fpga/sci@a000
Serial: AMBA PL011 UART driver
101f1000.uart: ttyAMA0 at MMIO 0x101f1000 (irq = 28, base_baud = 0) is a PL011 rev1
console [ttyAMA0] enabled
101f2000.uart: ttyAMA1 at MMIO 0x101f2000 (irq = 29, base_baud = 0) is a PL011 rev1
101f3000.uart: ttyAMA2 at MMIO 0x101f3000 (irq = 30, base_baud = 0) is a PL011 rev1
10009000.uart: ttyAMA3 at MMIO 0x10009000 (irq = 54, base_baud = 0) is a PL011 rev1
vgaarb: loaded
SCSI subsystem initialized
clocksource: Switched to clocksource arm,sp804
NET: Registered protocol family 2
tcp_listen_portaddr_hash hash table entries: 512 (order: 0, 4096 bytes)
TCP established hash table entries: 2048 (order: 1, 8192 bytes)
TCP bind hash table entries: 2048 (order: 1, 8192 bytes)
TCP: Hash tables configured (established 2048 bind 2048)
UDP hash table entries: 256 (order: 0, 4096 bytes)
UDP-Lite hash table entries: 256 (order: 0, 4096 bytes)
NET: Registered protocol family 1
RPC: Registered named UNIX socket transport module.
RPC: Registered udp transport module.
RPC: Registered tcp transport module.
RPC: Registered tcp NFSv4.1 backchannel transport module.
NetWinder Floating Point Emulator V0.97 (double precision)
workingset: timestamp_bits=14 max_order=16 bucket_order=2
Installing knfsd (copyright (C) 1996 okir@monad.swb.de).
jffs2: version 2.2. (NAND) © 2001-2006 Red Hat, Inc.
romfs: ROMFS MTD (C) 2007 Red Hat, Inc.
9p: Installing v9fs 9p2000 file system support
Block layer SCSI generic (bsg) driver version 0.4 loaded (major 252)
io scheduler noop registered
io scheduler deadline registered
io scheduler cfq registered (default)
io scheduler mq-deadline registered
io scheduler kyber registered
pl061_gpio 101e4000.gpio: PL061 GPIO chip @0x101e4000 registered
pl061_gpio 101e5000.gpio: PL061 GPIO chip @0x101e5000 registered
pl061_gpio 101e6000.gpio: PL061 GPIO chip @0x101e6000 registered
pl061_gpio 101e7000.gpio: PL061 GPIO chip @0x101e7000 registered
versatile-pci 10001000.pci: host bridge /amba/pci@10001000 ranges:
versatile-pci 10001000.pci:    IO 0x43000000..0x4300ffff -> 0x00000000
versatile-pci 10001000.pci:   MEM 0x50000000..0x5fffffff -> 0x50000000
versatile-pci 10001000.pci:   MEM 0x60000000..0x6fffffff -> 0x60000000
versatile-pci 10001000.pci: PCI core found (slot 11)
versatile-pci 10001000.pci: PCI host bridge to bus 0000:00
pci_bus 0000:00: root bus resource [bus 00-ff]
pci_bus 0000:00: root bus resource [io  0x0000-0xffff]
pci_bus 0000:00: root bus resource [mem 0x50000000-0x5fffffff]
pci_bus 0000:00: root bus resource [mem 0x60000000-0x6fffffff pref]
PCI: bus0: Fast back to back transfers disabled
pci 0000:00:0c.0: BAR 2: assigned [mem 0x50000000-0x50001fff]
pci 0000:00:0c.0: BAR 1: assigned [mem 0x50002000-0x500023ff]
pci 0000:00:0c.0: BAR 0: assigned [io  0x1000-0x10ff]
versatile-tft-panel 10000000.sysreg:display@0: no panel detected
drm-clcd-pl111 dev:20: set up callbacks for Versatile PL110
drm-clcd-pl111 dev:20: found bridge on endpoint 1
drm-clcd-pl111 dev:20: Using non-panel bridge
[drm] Supports vblank timestamp caching Rev 2 (21.10.2013).
[drm] No driver support for vblank timestamp query.
drm-clcd-pl111 dev:20: enable Versatile CLCD connectors
------------[ cut here ]------------
WARNING: CPU: 0 PID: 1 at drivers/gpu/drm/drm_atomic_helper.c:1385 drm_atomic_helper_wait_for_vblanks.part.0+0x274/0x28c
[CRTC:29:crtc-0] vblank wait timed out
Modules linked in:
CPU: 0 PID: 1 Comm: swapper Not tainted 4.19.50+ #1
Hardware name: ARM-Versatile (Device Tree Support)
[<c001d230>] (unwind_backtrace) from [<c00190ac>] (show_stack+0x10/0x14)
[<c00190ac>] (show_stack) from [<c0026150>] (__warn+0xc4/0xf0)
[<c0026150>] (__warn) from [<c0025dac>] (warn_slowpath_fmt+0x44/0x70)
[<c0025dac>] (warn_slowpath_fmt) from [<c0306878>] (drm_atomic_helper_wait_for_vblanks.part.0+0x274/0x28c)
[<c0306878>] (drm_atomic_helper_wait_for_vblanks.part.0) from [<c0307440>] (drm_atomic_helper_commit_tail+0x5c/0x6c)
[<c0307440>] (drm_atomic_helper_commit_tail) from [<c03074b8>] (commit_tail+0x68/0x6c)
[<c03074b8>] (commit_tail) from [<c030757c>] (drm_atomic_helper_commit+0xb8/0x128)
[<c030757c>] (drm_atomic_helper_commit) from [<c030a734>] (restore_fbdev_mode_atomic+0x160/0x1c4)
[<c030a734>] (restore_fbdev_mode_atomic) from [<c030df6c>] (drm_fb_helper_restore_fbdev_mode_unlocked+0x50/0xa4)
[<c030df6c>] (drm_fb_helper_restore_fbdev_mode_unlocked) from [<c030dfec>] (drm_fb_helper_set_par+0x2c/0x54)
[<c030dfec>] (drm_fb_helper_set_par) from [<c02b36c8>] (fbcon_init+0x478/0x5f0)
[<c02b36c8>] (fbcon_init) from [<c02e4620>] (visual_init+0xb8/0x100)
[<c02e4620>] (visual_init) from [<c02e6608>] (do_bind_con_driver+0x1c0/0x39c)
[<c02e6608>] (do_bind_con_driver) from [<c02e6ba0>] (do_take_over_console+0x13c/0x1f0)
[<c02e6ba0>] (do_take_over_console) from [<c02b38a0>] (do_fbcon_takeover+0x60/0xc0)
[<c02b38a0>] (do_fbcon_takeover) from [<c0040da8>] (notifier_call_chain+0x48/0x84)
[<c0040da8>] (notifier_call_chain) from [<c0041520>] (blocking_notifier_call_chain+0x50/0x6c)
[<c0041520>] (blocking_notifier_call_chain) from [<c02aa8a4>] (register_framebuffer+0x200/0x304)
[<c02aa8a4>] (register_framebuffer) from [<c030da84>] (__drm_fb_helper_initial_config_and_unlock+0x290/0x454)
[<c030da84>] (__drm_fb_helper_initial_config_and_unlock) from [<c030dd80>] (drm_fb_helper_fbdev_setup+0x138/0x200)
[<c030dd80>] (drm_fb_helper_fbdev_setup) from [<c030e2cc>] (drm_fbdev_cma_init+0x78/0xb4)
[<c030e2cc>] (drm_fbdev_cma_init) from [<c030e310>] (drm_fb_cma_fbdev_init+0x8/0x14)
[<c030e310>] (drm_fb_cma_fbdev_init) from [<c0339694>] (pl111_amba_probe+0x334/0x490)
[<c0339694>] (pl111_amba_probe) from [<c02bc038>] (amba_probe+0xcc/0x134)
[<c02bc038>] (amba_probe) from [<c034159c>] (really_probe+0x1b8/0x2a4)
[<c034159c>] (really_probe) from [<c03417e8>] (driver_probe_device+0x5c/0x164)
[<c03417e8>] (driver_probe_device) from [<c03419cc>] (__driver_attach+0xdc/0xe0)
[<c03419cc>] (__driver_attach) from [<c033f8d8>] (bus_for_each_dev+0x74/0xbc)
[<c033f8d8>] (bus_for_each_dev) from [<c0340a48>] (bus_add_driver+0x16c/0x200)
[<c0340a48>] (bus_add_driver) from [<c03422f0>] (driver_register+0x74/0x108)
[<c03422f0>] (driver_register) from [<c000abec>] (do_one_initcall+0x4c/0x19c)
[<c000abec>] (do_one_initcall) from [<c06cbde0>] (kernel_init_freeable+0x100/0x1bc)
[<c06cbde0>] (kernel_init_freeable) from [<c054b384>] (kernel_init+0x8/0xe8)
[<c054b384>] (kernel_init) from [<c00090e8>] (ret_from_fork+0x14/0x2c)
Exception stack(0xcf823fb0 to 0xcf823ff8)
3fa0:                                     00000000 00000000 00000000 00000000
3fc0: 00000000 00000000 00000000 00000000 00000000 00000000 00000000 00000000
3fe0: 00000000 00000000 00000000 00000000 00000013 00000000
---[ end trace eaad05903189fa4e ]---
[drm:drm_atomic_helper_wait_for_dependencies] *ERROR* [CRTC:29:crtc-0] flip_done timed out
random: fast init done
[drm:drm_atomic_helper_wait_for_dependencies] *ERROR* [CONNECTOR:31:VGA-1] flip_done timed out
[drm:drm_atomic_helper_wait_for_dependencies] *ERROR* [PLANE:28:plane-0] flip_done timed out
------------[ cut here ]------------
WARNING: CPU: 0 PID: 1 at drivers/gpu/drm/drm_atomic_helper.c:1385 drm_atomic_helper_wait_for_vblanks.part.0+0x274/0x28c
[CRTC:29:crtc-0] vblank wait timed out
Modules linked in:
CPU: 0 PID: 1 Comm: swapper Tainted: G        W         4.19.50+ #1
Hardware name: ARM-Versatile (Device Tree Support)
[<c001d230>] (unwind_backtrace) from [<c00190ac>] (show_stack+0x10/0x14)
[<c00190ac>] (show_stack) from [<c0026150>] (__warn+0xc4/0xf0)
[<c0026150>] (__warn) from [<c0025dac>] (warn_slowpath_fmt+0x44/0x70)
[<c0025dac>] (warn_slowpath_fmt) from [<c0306878>] (drm_atomic_helper_wait_for_vblanks.part.0+0x274/0x28c)
[<c0306878>] (drm_atomic_helper_wait_for_vblanks.part.0) from [<c0307440>] (drm_atomic_helper_commit_tail+0x5c/0x6c)
[<c0307440>] (drm_atomic_helper_commit_tail) from [<c03074b8>] (commit_tail+0x68/0x6c)
[<c03074b8>] (commit_tail) from [<c030757c>] (drm_atomic_helper_commit+0xb8/0x128)
[<c030757c>] (drm_atomic_helper_commit) from [<c030a734>] (restore_fbdev_mode_atomic+0x160/0x1c4)
[<c030a734>] (restore_fbdev_mode_atomic) from [<c030a8e0>] (drm_fb_helper_pan_display+0xb8/0x1cc)
[<c030a8e0>] (drm_fb_helper_pan_display) from [<c02a8ce8>] (fb_pan_display+0x98/0x10c)
[<c02a8ce8>] (fb_pan_display) from [<c02b76ec>] (bit_update_start+0x14/0x30)
[<c02b76ec>] (bit_update_start) from [<c02b63c0>] (fbcon_switch+0x404/0x580)
[<c02b63c0>] (fbcon_switch) from [<c02e5d44>] (redraw_screen+0x15c/0x284)
[<c02e5d44>] (redraw_screen) from [<c02b31c8>] (fbcon_prepare_logo+0x388/0x410)
[<c02b31c8>] (fbcon_prepare_logo) from [<c02b362c>] (fbcon_init+0x3dc/0x5f0)
[<c02b362c>] (fbcon_init) from [<c02e4620>] (visual_init+0xb8/0x100)
[<c02e4620>] (visual_init) from [<c02e6608>] (do_bind_con_driver+0x1c0/0x39c)
[<c02e6608>] (do_bind_con_driver) from [<c02e6ba0>] (do_take_over_console+0x13c/0x1f0)
[<c02e6ba0>] (do_take_over_console) from [<c02b38a0>] (do_fbcon_takeover+0x60/0xc0)
[<c02b38a0>] (do_fbcon_takeover) from [<c0040da8>] (notifier_call_chain+0x48/0x84)
[<c0040da8>] (notifier_call_chain) from [<c0041520>] (blocking_notifier_call_chain+0x50/0x6c)
[<c0041520>] (blocking_notifier_call_chain) from [<c02aa8a4>] (register_framebuffer+0x200/0x304)
[<c02aa8a4>] (register_framebuffer) from [<c030da84>] (__drm_fb_helper_initial_config_and_unlock+0x290/0x454)
[<c030da84>] (__drm_fb_helper_initial_config_and_unlock) from [<c030dd80>] (drm_fb_helper_fbdev_setup+0x138/0x200)
[<c030dd80>] (drm_fb_helper_fbdev_setup) from [<c030e2cc>] (drm_fbdev_cma_init+0x78/0xb4)
[<c030e2cc>] (drm_fbdev_cma_init) from [<c030e310>] (drm_fb_cma_fbdev_init+0x8/0x14)
[<c030e310>] (drm_fb_cma_fbdev_init) from [<c0339694>] (pl111_amba_probe+0x334/0x490)
[<c0339694>] (pl111_amba_probe) from [<c02bc038>] (amba_probe+0xcc/0x134)
[<c02bc038>] (amba_probe) from [<c034159c>] (really_probe+0x1b8/0x2a4)
[<c034159c>] (really_probe) from [<c03417e8>] (driver_probe_device+0x5c/0x164)
[<c03417e8>] (driver_probe_device) from [<c03419cc>] (__driver_attach+0xdc/0xe0)
[<c03419cc>] (__driver_attach) from [<c033f8d8>] (bus_for_each_dev+0x74/0xbc)
[<c033f8d8>] (bus_for_each_dev) from [<c0340a48>] (bus_add_driver+0x16c/0x200)
[<c0340a48>] (bus_add_driver) from [<c03422f0>] (driver_register+0x74/0x108)
[<c03422f0>] (driver_register) from [<c000abec>] (do_one_initcall+0x4c/0x19c)
[<c000abec>] (do_one_initcall) from [<c06cbde0>] (kernel_init_freeable+0x100/0x1bc)
[<c06cbde0>] (kernel_init_freeable) from [<c054b384>] (kernel_init+0x8/0xe8)
[<c054b384>] (kernel_init) from [<c00090e8>] (ret_from_fork+0x14/0x2c)
Exception stack(0xcf823fb0 to 0xcf823ff8)
3fa0:                                     00000000 00000000 00000000 00000000
3fc0: 00000000 00000000 00000000 00000000 00000000 00000000 00000000 00000000
3fe0: 00000000 00000000 00000000 00000000 00000013 00000000
---[ end trace eaad05903189fa4f ]---
Console: switching to colour frame buffer device 100x37
[drm:drm_atomic_helper_wait_for_dependencies] *ERROR* [CRTC:29:crtc-0] flip_done timed out
[drm:drm_atomic_helper_wait_for_dependencies] *ERROR* [CONNECTOR:31:VGA-1] flip_done timed out
[drm:drm_atomic_helper_wait_for_dependencies] *ERROR* [PLANE:28:plane-0] flip_done timed out
------------[ cut here ]------------
WARNING: CPU: 0 PID: 1 at drivers/gpu/drm/drm_atomic_helper.c:1385 drm_atomic_helper_wait_for_vblanks.part.0+0x274/0x28c
[CRTC:29:crtc-0] vblank wait timed out
Modules linked in:
CPU: 0 PID: 1 Comm: swapper Tainted: G        W         4.19.50+ #1
Hardware name: ARM-Versatile (Device Tree Support)
[<c001d230>] (unwind_backtrace) from [<c00190ac>] (show_stack+0x10/0x14)
[<c00190ac>] (show_stack) from [<c0026150>] (__warn+0xc4/0xf0)
[<c0026150>] (__warn) from [<c0025dac>] (warn_slowpath_fmt+0x44/0x70)
[<c0025dac>] (warn_slowpath_fmt) from [<c0306878>] (drm_atomic_helper_wait_for_vblanks.part.0+0x274/0x28c)
[<c0306878>] (drm_atomic_helper_wait_for_vblanks.part.0) from [<c0307440>] (drm_atomic_helper_commit_tail+0x5c/0x6c)
[<c0307440>] (drm_atomic_helper_commit_tail) from [<c03074b8>] (commit_tail+0x68/0x6c)
[<c03074b8>] (commit_tail) from [<c030757c>] (drm_atomic_helper_commit+0xb8/0x128)
[<c030757c>] (drm_atomic_helper_commit) from [<c030a734>] (restore_fbdev_mode_atomic+0x160/0x1c4)
[<c030a734>] (restore_fbdev_mode_atomic) from [<c030a8e0>] (drm_fb_helper_pan_display+0xb8/0x1cc)
[<c030a8e0>] (drm_fb_helper_pan_display) from [<c02a8ce8>] (fb_pan_display+0x98/0x10c)
[<c02a8ce8>] (fb_pan_display) from [<c02b76ec>] (bit_update_start+0x14/0x30)
[<c02b76ec>] (bit_update_start) from [<c02b63c0>] (fbcon_switch+0x404/0x580)
[<c02b63c0>] (fbcon_switch) from [<c02e5d44>] (redraw_screen+0x15c/0x284)
[<c02e5d44>] (redraw_screen) from [<c02e6770>] (do_bind_con_driver+0x328/0x39c)
[<c02e6770>] (do_bind_con_driver) from [<c02e6ba0>] (do_take_over_console+0x13c/0x1f0)
[<c02e6ba0>] (do_take_over_console) from [<c02b38a0>] (do_fbcon_takeover+0x60/0xc0)
[<c02b38a0>] (do_fbcon_takeover) from [<c0040da8>] (notifier_call_chain+0x48/0x84)
[<c0040da8>] (notifier_call_chain) from [<c0041520>] (blocking_notifier_call_chain+0x50/0x6c)
[<c0041520>] (blocking_notifier_call_chain) from [<c02aa8a4>] (register_framebuffer+0x200/0x304)
[<c02aa8a4>] (register_framebuffer) from [<c030da84>] (__drm_fb_helper_initial_config_and_unlock+0x290/0x454)
[<c030da84>] (__drm_fb_helper_initial_config_and_unlock) from [<c030dd80>] (drm_fb_helper_fbdev_setup+0x138/0x200)
[<c030dd80>] (drm_fb_helper_fbdev_setup) from [<c030e2cc>] (drm_fbdev_cma_init+0x78/0xb4)
[<c030e2cc>] (drm_fbdev_cma_init) from [<c030e310>] (drm_fb_cma_fbdev_init+0x8/0x14)
[<c030e310>] (drm_fb_cma_fbdev_init) from [<c0339694>] (pl111_amba_probe+0x334/0x490)
[<c0339694>] (pl111_amba_probe) from [<c02bc038>] (amba_probe+0xcc/0x134)
[<c02bc038>] (amba_probe) from [<c034159c>] (really_probe+0x1b8/0x2a4)
[<c034159c>] (really_probe) from [<c03417e8>] (driver_probe_device+0x5c/0x164)
[<c03417e8>] (driver_probe_device) from [<c03419cc>] (__driver_attach+0xdc/0xe0)
[<c03419cc>] (__driver_attach) from [<c033f8d8>] (bus_for_each_dev+0x74/0xbc)
[<c033f8d8>] (bus_for_each_dev) from [<c0340a48>] (bus_add_driver+0x16c/0x200)
[<c0340a48>] (bus_add_driver) from [<c03422f0>] (driver_register+0x74/0x108)
[<c03422f0>] (driver_register) from [<c000abec>] (do_one_initcall+0x4c/0x19c)
[<c000abec>] (do_one_initcall) from [<c06cbde0>] (kernel_init_freeable+0x100/0x1bc)
[<c06cbde0>] (kernel_init_freeable) from [<c054b384>] (kernel_init+0x8/0xe8)
[<c054b384>] (kernel_init) from [<c00090e8>] (ret_from_fork+0x14/0x2c)
Exception stack(0xcf823fb0 to 0xcf823ff8)
3fa0:                                     00000000 00000000 00000000 00000000
3fc0: 00000000 00000000 00000000 00000000 00000000 00000000 00000000 00000000
3fe0: 00000000 00000000 00000000 00000000 00000013 00000000
---[ end trace eaad05903189fa50 ]---
drm-clcd-pl111 dev:20: fb0: DRM emulated frame buffer device
[drm] Initialized pl111 1.0.0 20170317 for dev:20 on minor 0
brd: module loaded
loop: module loaded
sym53c8xx 0000:00:0c.0: enabling device (0100 -> 0103)
sym0: <895a> rev 0x0 at pci 0000:00:0c.0 irq 66
sym0: No NVRAM, ID 7, Fast-40, LVD, parity checking
sym0: SCSI BUS has been reset.
scsi host0: sym-2.2.3
scsi 0:0:0:0: Direct-Access     QEMU     QEMU HARDDISK    2.5+ PQ: 0 ANSI: 5
scsi target0:0:0: tagged command queuing enabled, command queue depth 16.
scsi target0:0:0: Beginning Domain Validation
scsi target0:0:0: Domain Validation skipping write tests
scsi target0:0:0: Ending Domain Validation
scsi 0:0:2:0: CD-ROM            QEMU     QEMU CD-ROM      2.5+ PQ: 0 ANSI: 5
scsi target0:0:2: tagged command queuing enabled, command queue depth 16.
scsi target0:0:2: Beginning Domain Validation
scsi target0:0:2: Domain Validation skipping write tests
scsi target0:0:2: Ending Domain Validation
sr 0:0:2:0: Power-on or device reset occurred
sr 0:0:2:0: [sr0] scsi3-mmc drive: 16x/50x cd/rw xa/form2 cdda tray
cdrom: Uniform CD-ROM driver Revision: 3.20
sd 0:0:0:0: Power-on or device reset occurred
sd 0:0:0:0: [sda] 3612672 512-byte logical blocks: (1.85 GB/1.72 GiB)
sd 0:0:0:0: [sda] Write Protect is off
sd 0:0:0:0: [sda] Write cache: enabled, read cache: enabled, doesn't support DPO or FUA
of-flash 34000000.flash: versatile/realview flash protection
34000000.flash: Found 1 x32 devices at 0x0 in 32-bit bank. Manufacturer ID 0x000000 Chip ID 0x000000
Intel/Sharp Extended Query Table at 0x0031
Using buffer write method
 sda: sda1 sda2
sd 0:0:0:0: [sda] Attached SCSI disk
smc91x.c: v1.1, sep 22 2004 by Nicolas Pitre <nico@fluxnic.net>
smc91x 10010000.net eth0: SMC91C11xFD (rev 1) at (ptrval) IRQ 41
smc91x 10010000.net eth0: Ethernet addr: 52:54:00:12:34:56
rtc-ds1307 0-0068: registered as rtc0
versatile reboot driver registered
device-mapper: ioctl: 4.39.0-ioctl (2018-04-03) initialised: dm-devel@redhat.com
mmci-pl18x fpga:05: /aliases ID not available
mmci-pl18x fpga:05: mmc0: PL181 manf 41 rev0 at 0x10005000 irq 59,60 (pio)
mmci-pl18x fpga:05: DMA channels RX none, TX none
input: AT Raw Set 2 keyboard as /devices/platform/amba/amba:fpga/10006000.kmi/serio0/input/input0
mmci-pl18x fpga:0b: /aliases ID not available
mmci-pl18x fpga:0b: mmc1: PL181 manf 41 rev0 at 0x1000b000 irq 49,50 (pio)
mmci-pl18x fpga:0b: DMA channels RX none, TX none
leds-syscon 10000000.core-module:led@08.0: registered LED versatile:0
leds-syscon 10000000.core-module:led@08.1: registered LED versatile:1
leds-syscon 10000000.core-module:led@08.2: registered LED versatile:2
leds-syscon 10000000.core-module:led@08.3: registered LED versatile:3
leds-syscon 10000000.core-module:led@08.4: registered LED versatile:4
leds-syscon 10000000.core-module:led@08.5: registered LED versatile:5
leds-syscon 10000000.core-module:led@08.6: registered LED versatile:6
leds-syscon 10000000.core-module:led@08.7: registered LED versatile:7
ledtrig-cpu: registered to indicate activity on CPUs
NET: Registered protocol family 17
Bridge firewalling registered
9pnet: Installing 9P2000 support
rtc-ds1307 0-0068: setting system clock to 2020-07-03 16:44:43 UTC (1593794683)
uart-pl011 101f1000.uart: no DMA platform data
input: ImExPS/2 Generic Explorer Mouse as /devices/platform/amba/amba:fpga/10007000.kmi/serio1/input/input2
EXT4-fs (sda2): mounted filesystem with ordered data mode. Opts: (null)
VFS: Mounted root (ext4 filesystem) readonly on device 8:2.
devtmpfs: mounted
Freeing unused kernel memory: 196K
This architecture does not have kernel memory protection.
Run /sbin/init as init process
systemd[1]: Failed to lookup module alias 'autofs4': Function not implemented
systemd[1]: systemd 241 running in system mode. (+PAM +AUDIT +SELINUX +IMA +APPARMOR +SMACK +SYSVINIT +UTMP +LIBCRYPTSETUP +GCRYPT +GNUTLS +ACL +XZ +LZ4 +SECCOMP +BLKID +ELFUTILS +KMOD -IDN2 +IDN -PCRE2 default-hierarchy=hybrid)
systemd[1]: Detected architecture arm.

Welcome to Raspbian GNU/Linux 10 (buster)!

systemd[1]: Set hostname to <raspberrypi>.
random: crng init done
systemd[1]: File /lib/systemd/system/systemd-journald.service:12 configures an IP firewall (IPAddressDeny=any), but the local system does not support BPF/cgroup based firewalling.
systemd[1]: Proceeding WITHOUT firewalling in effect! (This warning is only shown for the first loaded unit using IP firewalling.)
systemd[1]: Created slice system-getty.slice.
[  OK  ] Created slice system-getty.slice.
systemd[1]: Reached target Swap.
[  OK  ] Reached target Swap.
systemd[1]: Condition check resulted in Arbitrary Executable File Formats File System Automount Point being skipped.
systemd[1]: Created slice system-systemd\x2dfsck.slice.
[  OK  ] Created slice system-systemd\x2dfsck.slice.
systemd[1]: Started Forward Password Requests to Wall Directory Watch.
[  OK  ] Started Forward Password R…uests to Wall Directory Watch.
systemd[1]: Created slice User and Session Slice.
[  OK  ] Created slice User and Session Slice.
systemd[1]: Listening on Syslog Socket.
[  OK  ] Listening on Syslog Socket.
systemd[1]: Created slice system-serial\x2dgetty.slice.
[  OK  ] Created slice system-serial\x2dgetty.slice.
[  OK  ] Listening on fsck to fsckd communication Socket.
[  OK  ] Started Dispatch Password …ts to Console Directory Watch.
[  OK  ] Reached target Local Encrypted Volumes.
[  OK  ] Listening on initctl Compatibility Named Pipe.
[  OK  ] Reached target Slices.
[  OK  ] Listening on udev Kernel Socket.
[  OK  ] Listening on Journal Socket (/dev/log).
[  OK  ] Listening on udev Control Socket.
[  OK  ] Listening on Journal Socket.
         Starting Journal Service...
         Starting udev Coldplug all Devices...
         Mounting POSIX Message Queue File System...
         Starting Restore / save the current clock...
         Mounting Kernel Debug File System...
         Starting Set the console keyboard layout...
systemd[1]: Starting Load Kernel Modules...
         Starting Load Kernel Modules...
systemd[1]: Condition check resulted in Set Up Additional Binary Formats being skipped.
systemd[1]: Mounting RPC Pipe File System...
         Mounting RPC Pipe File System...
systemd[1]: Reached target Paths.
[  OK  ] Reached target Paths.
systemd[1]: Mounted POSIX Message Queue File System.
[  OK  ] Mounted POSIX Message Queue File System.
systemd[1]: Started Restore / save the current clock.
[  OK  ] Started Restore / save the current clock.
systemd[1]: Started Journal Service.
[  OK  ] Started Journal Service.
[  OK  ] Mounted Kernel Debug File System.
[  OK  ] Started Load Kernel Modules.
[  OK  ] Mounted RPC Pipe File System.
         Starting Apply Kernel Variables...
         Starting File System Check on Root Device...
[  OK  ] Started Apply Kernel Variables.
[  OK  ] Started File System Check Daemon to report status.
[  OK  ] Started File System Check on Root Device.
         Starting Remount Root and Kernel File Systems...
[  OK  ] Started Set the console keyboard layout.
[  OK  ] Started udev Coldplug all Devices.
         Starting Helper to synchronize boot up for ifupdown...
[  OK  ] Started Helper to synchronize boot up for ifupdown.
[  OK  ] Started Remount Root and Kernel File Systems.
         Starting Flush Journal to Persistent Storage...
         Starting Create System Users...
         Starting Load/Save Random Seed...
[  OK  ] Started Flush Journal to Persistent Storage.
[  OK  ] Started Load/Save Random Seed.
[  OK  ] Started Create System Users.
         Starting Create Static Device Nodes in /dev...
[  OK  ] Started Create Static Device Nodes in /dev.
[  OK  ] Reached target Local File Systems (Pre).
         Starting udev Kernel Device Manager...
[  OK  ] Started udev Kernel Device Manager.
[  OK  ] Found device /dev/ttyAMA0.
[  OK  ] Found device QEMU_HARDDISK boot.
         Starting File System Check…isk/by-partuuid/738a4d67-01...
[  OK  ] Started File System Check …/disk/by-partuuid/738a4d67-01.
         Mounting /boot...
[  OK  ] Mounted /boot.
[  OK  ] Reached target Local File Systems.
         Starting Preprocess NFS configuration...
         Starting Raise network interfaces...
         Starting Create Volatile Files and Directories...
         Starting Set console font and keymap...
[  OK  ] Started Preprocess NFS configuration.
[  OK  ] Reached target NFS client services.
[  OK  ] Reached target Remote File Systems (Pre).
[  OK  ] Reached target Remote File Systems.
[  OK  ] Started Set console font and keymap.
[  OK  ] Started Create Volatile Files and Directories.
         Starting Update UTMP about System Boot/Shutdown...
         Starting Network Time Synchronization...
[  OK  ] Started Update UTMP about System Boot/Shutdown.
[  OK  ] Started Network Time Synchronization.
[  OK  ] Reached target System Initialization.
[  OK  ] Listening on Avahi mDNS/DNS-SD Stack Activation Socket.
[  OK  ] Listening on triggerhappy.socket.
[  OK  ] Listening on D-Bus System Message Bus Socket.
[  OK  ] Reached target Sockets.
[  OK  ] Started Daily Cleanup of Temporary Directories.
[  OK  ] Reached target Basic System.
[  OK  ] Started Regular background program processing daemon.
[  OK  ] Started D-Bus System Message Bus.
         Starting triggerhappy global hotkey daemon...
         Starting LSB: Switch to on…nless shift key is pressed)...
         Starting System Logging Service...
         Starting dphys-swapfile - …unt, and delete a swap file...
         Starting rng-tools.service...
         Starting Login Service...
         Starting Avahi mDNS/DNS-SD Stack...
         Starting dhcpcd on all interfaces...
         Starting Check for Raspberry Pi EEPROM updates...
         Starting WPA supplicant...
[  OK  ] Reached target System Time Synchronized.
[  OK  ] Started Daily rotation of log files.
[  OK  ] Started Daily apt download activities.
[  OK  ] Started Daily man-db regeneration.
[  OK  ] Started Daily apt upgrade and clean activities.
[  OK  ] Reached target Timers.
[  OK  ] Started triggerhappy global hotkey daemon.
[  OK  ] Started System Logging Service.
[  OK  ] Started Raise network interfaces.
[FAILED] Failed to start rng-tools.service.
See 'systemctl status rng-tools.service' for details.
[  OK  ] Started Check for Raspberry Pi EEPROM updates.
         Starting Daily man-db regeneration...
         Starting Rotate log files...
[  OK  ] Started dphys-swapfile - s…mount, and delete a swap file.
[  OK  ] Started WPA supplicant.
[  OK  ] Started Avahi mDNS/DNS-SD Stack.
[  OK  ] Started Login Service.
[  OK  ] Started LSB: Switch to ond…(unless shift key is pressed).
[  OK  ] Started Rotate log files.
[  OK  ] Started dhcpcd on all interfaces.
[  OK  ] Reached target Network.
         Starting /etc/rc.local Compatibility...
         Starting Permit User Sessions...
         Starting Daily apt download activities...
My IP address is 10.0.2.15 
[  OK  ] Started /etc/rc.local Compatibility.
[  OK  ] Started Permit User Sessions.
[  OK  ] Started Getty on tty1.
[  OK  ] Started Serial Getty on ttyAMA0.
[  OK  ] Reached target Login Prompts.

Raspbian GNU/Linux 10 raspberrypi ttyAMA0
```


## raspi2 
### config bcm2709-rpi-2-b
```
qemu-system-arm  \
-M raspi2  \
-kernel 2015-11-21-raspbian-boot/kernel7.img \
-sd 2015-11-21-raspbian-jessie.img \
-append "rw earlyprintk loglevel=8 console=ttyAMA0,115200 dwc_otg.lpm_enable=0 root=/dev/mmcblk0p2" \
-dtb 2015-11-21-raspbian-boot/bcm2709-rpi-2-b.dtb -serial stdio
```
- 아이디 : pi 
- 비밀번호 : raspberry

### log  bcm2709-rpi-2-b
```
#!/bin/sh
qemu-system-arm -M raspi2 -kernel kernel7.img \
-sd 2015-11-21-raspbian-jessie.img \
-append "rw earlyprintk loglevel=8 console=ttyAMA0,115200 dwc_otg.lpm_enable=0 root=/dev/mmcblk0p2" \
-dtb bcm2709-rpi-2-b.dtb -serial stdio

good@good-VirtualBox:~/rpi2$ sh run_qemu.sh 
WARNING: Image format was not specified for '2015-11-21-raspbian-jessie.img' and probing guessed raw.
         Automatically detecting the format is dangerous for raw images, write operations on block 0 will be restricted.
         Specify the 'raw' format explicitly to remove the restrictions.
Uncompressing Linux... done, booting the kernel.
[    0.000000] Booting Linux on physical CPU 0xf00
[    0.000000] Initializing cgroup subsys cpuset
[    0.000000] Initializing cgroup subsys cpu
[    0.000000] Initializing cgroup subsys cpuacct
[    0.000000] Linux version 4.1.13-v7+ (dc4@dc4-XPS13-9333) (gcc version 4.8.3 20140303 (prerelease) (crosstool-NG linaro-1.13.1+bzr2650 - Linaro GCC 2014.03) ) #826 SMP PREEMPT Fri Nov 13 20:19:03 GMT 2015
[    0.000000] CPU: ARMv7 Processor [412fc0f1] revision 1 (ARMv7), cr=10c5387d
[    0.000000] CPU: PIPT / VIPT nonaliasing data cache, PIPT instruction cache
[    0.000000] Machine model: Raspberry Pi 2 Model B
[    0.000000] cma: Reserved 8 MiB at 0x3b800000
[    0.000000] Memory policy: Data cache writealloc
[    0.000000] On node 0 totalpages: 245760
[    0.000000] free_area_init_node: node 0, pgdat 8085f000, node_mem_map baf82000
[    0.000000]   Normal zone: 2160 pages used for memmap
[    0.000000]   Normal zone: 0 pages reserved
[    0.000000]   Normal zone: 245760 pages, LIFO batch:31
[    0.000000] [bcm2709_smp_init_cpus] enter (9420->f3003010)
[    0.000000] [bcm2709_smp_init_cpus] ncores=4
[    0.000000] PERCPU: Embedded 13 pages/cpu @baf41000 s20608 r8192 d24448 u53248
[    0.000000] pcpu-alloc: s20608 r8192 d24448 u53248 alloc=13*4096
[    0.000000] pcpu-alloc: [0] 0 [0] 1 [0] 2 [0] 3 
[    0.000000] Built 1 zonelists in Zone order, mobility grouping on.  Total pages: 243600
[    0.000000] Kernel command line: rw earlyprintk loglevel=8 console=ttyAMA0,115200 dwc_otg.lpm_enable=0 root=/dev/mmcblk0p2
[    0.000000] PID hash table entries: 4096 (order: 2, 16384 bytes)
[    0.000000] Dentry cache hash table entries: 131072 (order: 7, 524288 bytes)
[    0.000000] Inode-cache hash table entries: 65536 (order: 6, 262144 bytes)
[    0.000000] Memory: 955712K/983040K available (5967K kernel code, 534K rwdata, 1652K rodata, 420K init, 757K bss, 19136K reserved, 8192K cma-reserved)
[    0.000000] Virtual kernel memory layout:
[    0.000000]     vector  : 0xffff0000 - 0xffff1000   (   4 kB)
[    0.000000]     fixmap  : 0xffc00000 - 0xfff00000   (3072 kB)
[    0.000000]     vmalloc : 0xbc800000 - 0xff000000   (1064 MB)
[    0.000000]     lowmem  : 0x80000000 - 0xbc000000   ( 960 MB)
[    0.000000]     modules : 0x7f000000 - 0x80000000   (  16 MB)
[    0.000000]       .text : 0x80008000 - 0x80778f64   (7620 kB)
[    0.000000]       .init : 0x80779000 - 0x807e2000   ( 420 kB)
[    0.000000]       .data : 0x807e2000 - 0x80867b6c   ( 535 kB)
[    0.000000]        .bss : 0x8086a000 - 0x8092779c   ( 758 kB)
[    0.000000] SLUB: HWalign=64, Order=0-3, MinObjects=0, CPUs=4, Nodes=1
[    0.000000] Preemptible hierarchical RCU implementation.
[    0.000000] 	Additional per-CPU info printed with stalls.
[    0.000000] NR_IRQS:608
[    0.000000] Architected cp15 timer(s) running at 19.20MHz (virt).
[    0.000000] clocksource arch_sys_counter: mask: 0xffffffffffffff max_cycles: 0x46d987e47, max_idle_ns: 440795202767 ns
[    0.000507] sched_clock: 56 bits at 19MHz, resolution 52ns, wraps every 4398046511078ns
[    0.001146] Switching to timer-based delay loop, resolution 52ns
[    0.031555] Console: colour dummy device 80x30
[    0.033540] Calibrating delay loop (skipped), value calculated using timer frequency.. 38.40 BogoMIPS (lpj=192000)
[    0.034092] pid_max: default: 32768 minimum: 301
[    0.043503] Mount-cache hash table entries: 2048 (order: 1, 8192 bytes)
[    0.043790] Mountpoint-cache hash table entries: 2048 (order: 1, 8192 bytes)
[    0.085707] Initializing cgroup subsys blkio
[    0.086099] Initializing cgroup subsys memory
[    0.087063] Initializing cgroup subsys devices
[    0.087692] Initializing cgroup subsys freezer
[    0.088151] Initializing cgroup subsys net_cls
[    0.089674] CPU: Testing write buffer coherency: ok
[    0.096044] ftrace: allocating 20235 entries in 60 pages
[    0.358429] CPU0: update cpu_capacity 1024
[    0.359286] CPU0: thread -1, cpu 0, socket 15, mpidr 80000f00
[    0.359828] [bcm2709_smp_prepare_cpus] enter
[    0.366379] Setting up static identity map for 0x8240 - 0x8274
[    0.455359] [bcm2709_boot_secondary] cpu:1 failed to start (9420)
[    0.457026] [bcm2709_secondary_init] enter cpu:1
[    0.459411] CPU1: update cpu_capacity 1024
[    0.459463] CPU1: thread -1, cpu 1, socket 15, mpidr 80000f01
[    0.487454] [bcm2709_boot_secondary] cpu:2 started (0) 3
[    0.487654] [bcm2709_secondary_init] enter cpu:2
[    0.487991] CPU2: update cpu_capacity 1024
[    0.488027] CPU2: thread -1, cpu 2, socket 15, mpidr 80000f02
[    0.513120] [bcm2709_boot_secondary] cpu:3 failed to start (9420)
[    0.513282] [bcm2709_secondary_init] enter cpu:3
[    0.513564] CPU3: update cpu_capacity 1024
[    0.513600] CPU3: thread -1, cpu 3, socket 15, mpidr 80000f03
[    0.514446] Brought up 4 CPUs
[    0.514779] SMP: Total of 4 processors activated (153.60 BogoMIPS).
[    0.514933] CPU: All CPU(s) started in SVC mode.
[    0.558459] devtmpfs: initialized
[    0.685283] VFP support v0.3: implementor 41 architecture 4 part 30 variant f rev 0
[    0.727324] clocksource jiffies: mask: 0xffffffff max_cycles: 0xffffffff, max_idle_ns: 19112604462750000 ns
[    0.798179] pinctrl core: initialized pinctrl subsystem
[    0.827006] NET: Registered protocol family 16
[    0.886093] DMA: preallocated 4096 KiB pool for atomic coherent allocations
[    0.898956] bcm2709.uart_clock = 3000000
[    0.954790] hw-breakpoint: found 5 (+1 reserved) breakpoint and 4 watchpoint registers.
[    0.955109] hw-breakpoint: maximum watchpoint size is 8 bytes.
[    0.958341] Serial: AMBA PL011 UART driver
[    0.971999] 3f201000.uart: ttyAMA0 at MMIO 0x3f201000 (irq = 83, base_baud = 0) is a PL011 rev2
[    1.013663] console [ttyAMA0] enabled
[    1.039548] bcm2835-mbox 3f00b880.mailbox: mailbox enabled
[    1.349086] bcm2708-dmaengine 3f007000.dma: DMA legacy API manager at f3007000, dmachans=0xf35
[    1.352293] bcm2708-dmaengine 3f007000.dma: Initialized 7 DMA channels (+ 1 legacy)
[    1.358260] bcm2708-dmaengine 3f007000.dma: Load BCM2835 DMA engine driver
[    1.358872] bcm2708-dmaengine 3f007000.dma: dma_debug:0
[    1.366400] SCSI subsystem initialized
[    1.369336] usbcore: registered new interface driver usbfs
[    1.370773] usbcore: registered new interface driver hub
[    1.373932] usbcore: registered new device driver usb
[    1.390472] raspberrypi-firmware soc:firmware: Attached to firmware from 1970-01-05 00:12
[    1.429966] Switched to clocksource arch_sys_counter
[    1.713823] FS-Cache: Loaded
[    1.719121] CacheFiles: Loaded
[    1.844246] NET: Registered protocol family 2
[    1.877908] TCP established hash table entries: 8192 (order: 3, 32768 bytes)
[    1.880041] TCP bind hash table entries: 8192 (order: 4, 65536 bytes)
[    1.881283] TCP: Hash tables configured (established 8192 bind 8192)
[    1.884146] UDP hash table entries: 512 (order: 2, 16384 bytes)
[    1.885000] UDP-Lite hash table entries: 512 (order: 2, 16384 bytes)
[    1.892511] NET: Registered protocol family 1
[    1.902821] RPC: Registered named UNIX socket transport module.
[    1.905033] RPC: Registered udp transport module.
[    1.905491] RPC: Registered tcp transport module.
[    1.905822] RPC: Registered tcp NFSv4.1 backchannel transport module.
[    1.961245] hw perfevents: enabled with armv7_cortex_a7 PMU driver, 1 counters available
[    1.979005] futex hash table entries: 1024 (order: 4, 65536 bytes)
[    2.085245] VFS: Disk quotas dquot_6.6.0
[    2.088663] VFS: Dquot-cache hash table entries: 1024 (order 0, 4096 bytes)
[    2.103947] FS-Cache: Netfs 'nfs' registered for caching
[    2.114518] NFS: Registering the id_resolver key type
[    2.117958] Key type id_resolver registered
[    2.119183] Key type id_legacy registered
[    2.186812] Block layer SCSI generic (bsg) driver version 0.4 loaded (major 252)
[    2.192567] io scheduler noop registered
[    2.193137] io scheduler deadline registered
[    2.195113] io scheduler cfq registered (default)
[    2.222563] BCM2708FB: allocated DMA memory fbc00000
[    2.224179] BCM2708FB: allocated DMA channel 0 @ f3007000
[    2.316436] Console: switching to colour frame buffer device 100x30
[    2.353849] Serial: 8250/16550 driver, 0 ports, IRQ sharing disabled
[    2.407620] vc-cma: Videocore CMA driver
[    2.408560] vc-cma: vc_cma_base      = 0x00000000
[    2.408951] vc-cma: vc_cma_size      = 0x00000000 (0 MiB)
[    2.409345] vc-cma: vc_cma_initial   = 0x00000000 (0 MiB)
[    2.414796] vc-mem: phys_addr:0x00000000 mem_base=0x00000000 mem_size:0x00000000(0 MiB)
[    2.589944] brd: module loaded
[    2.649446] loop: module loaded
[    2.658717] vchiq: vchiq_init_state: slot_zero = 0xbbc80000, is_master = 0
[    2.670206] bcm2835_vchiq 3f00b840.vchiq: failed to set channelbase
[    2.684430] vchiq: could not load vchiq
[    2.693987] bcm2835_vchiq: probe of 3f00b840.vchiq failed with error -1174190848
[    2.695484] Loading iSCSI transport class v2.0-870.
[    2.703583] usbcore: registered new interface driver smsc95xx
[    2.704526] dwc_otg: version 3.00a 10-AUG-2012 (platform bus)
[    2.932750] Core Release: 0.000
[    2.933785] Setting default values for core params
[    2.940734] Finished setting default values for core params
[    2.941891] dwc_otg 3f980000.usb: Bad value for SNPSID: 0x00000000
[    2.942755] dwc_otg: probe of 3f980000.usb failed with error -22
[    2.943920] dwc_otg: FIQ enabled
[    2.944246] dwc_otg: NAK holdoff enabled
[    2.944568] dwc_otg: FIQ split-transaction FSM enabled
[    2.945415] Module dwc_common_port init
[    2.949364] usbcore: registered new interface driver usb-storage
[    2.952708] mousedev: PS/2 mouse device common for all mice
[    2.964135] bcm2835-cpufreq: min=700000 max=700000
[    2.970803] sdhci: Secure Digital Host Controller Interface driver
[    2.971460] sdhci: Copyright(c) Pierre Ossman
[    2.981139] mmc-bcm2835 3f300000.mmc: mmc_debug:0 mmc_debug2:0
[    2.981974] mmc-bcm2835 3f300000.mmc: DMA channels allocated
[    3.026467] sdhci-pltfm: SDHCI platform and OF driver helper
[    3.047427] ledtrig-cpu: registered to indicate activity on CPUs
[    3.053506] hidraw: raw HID events driver (C) Jiri Kosina
[    3.058188] usbcore: registered new interface driver usbhid
[    3.058848] usbhid: USB HID core driver
[    3.063935] Initializing XFRM netlink socket
[    3.065490] NET: Registered protocol family 17
[    3.069141] Key type dns_resolver registered
[    3.070638] Registering SWP/SWPB emulation handler
[    3.077565] registered taskstats version 1
[    3.084318] vc-sm: Videocore shared memory driver
[    3.107163] mmc0: host does not support reading read-only switch, assuming write-enable
[    3.112444] mmc0: new SDHC card at address 4567
[    3.150047] mmcblk0: mmc0:4567 QEMU! 3.66 GiB 
[    3.150344] uart-pl011 3f201000.uart: no DMA platform data
[    3.201174]  mmcblk0: p1 p2
[    3.255269] EXT4-fs (mmcblk0p2): couldn't mount as ext3 due to feature incompatibilities
[    3.295080] EXT4-fs (mmcblk0p2): couldn't mount as ext2 due to feature incompatibilities
[    6.764127] EXT4-fs (mmcblk0p2): 1 orphan inode deleted
[    6.764791] EXT4-fs (mmcblk0p2): recovery complete
[    6.858772] EXT4-fs (mmcblk0p2): mounted filesystem with ordered data mode. Opts: (null)
[    6.874081] VFS: Mounted root (ext4 filesystem) on device 179:2.
[    6.916601] devtmpfs: mounted
[    6.997030] Freeing unused kernel memory: 420K (80779000 - 807e2000)
[   10.052061] random: systemd urandom read with 20 bits of entropy available
[   10.188945] systemd[1]: systemd 215 running in system mode. (+PAM +AUDIT +SELINUX +IMA +SYSVINIT +LIBCRYPTSETUP +GCRYPT +ACL +XZ -SECCOMP -APPARMOR)
[   10.204843] systemd[1]: Detected architecture 'arm'.

Welcome to Raspbian GNU/Linux 8 (jessie)!

[   11.559857] NET: Registered protocol family 10
[   11.592881] systemd[1]: Inserted module 'ipv6'
[   11.652593] systemd[1]: Set hostname to <raspberrypi>.
[   18.622241] systemd[1]: Starting Forward Password Requests to Wall Directory Watch.
[   18.634537] systemd[1]: Started Forward Password Requests to Wall Directory Watch.
[   18.638315] systemd[1]: Expecting device dev-ttyAMA0.device...
         Expecting device dev-ttyAMA0.device...
[   18.675911] systemd[1]: Starting Remote File Systems (Pre).
[  OK  ] Reached target Remote File Systems (Pre).
[   18.684421] systemd[1]: Reached target Remote File Systems (Pre).
[   18.686308] systemd[1]: Starting Encrypted Volumes.
[  OK  ] Reached target Encrypted Volumes.
[   18.693014] systemd[1]: Reached target Encrypted Volumes.
[   18.699917] systemd[1]: Starting Arbitrary Executable File Formats File System Automount Point.
[  OK  ] Set up automount Arbitrary Executable File Formats F...utomount Point.
[   18.718426] systemd[1]: Set up automount Arbitrary Executable File Formats File System Automount Point.
[   18.720146] systemd[1]: Starting Swap.
[  OK  ] Reached target Swap.
[   18.725228] systemd[1]: Reached target Swap.
[   18.727041] systemd[1]: Expecting device dev-mmcblk0p1.device...
         Expecting device dev-mmcblk0p1.device...
[   18.731834] systemd[1]: Starting Root Slice.
[  OK  ] Created slice Root Slice.
[   18.738885] systemd[1]: Created slice Root Slice.
[   18.740320] systemd[1]: Starting User and Session Slice.
[  OK  ] Created slice User and Session Slice.
[   18.749536] systemd[1]: Created slice User and Session Slice.
[   18.750981] systemd[1]: Starting /dev/initctl Compatibility Named Pipe.
[  OK  ] Listening on /dev/initctl Compatibility Named Pipe.
[   18.772055] systemd[1]: Listening on /dev/initctl Compatibility Named Pipe.
[   18.773555] systemd[1]: Starting Delayed Shutdown Socket.
[  OK  ] Listening on Delayed Shutdown Socket.
[   18.784983] systemd[1]: Listening on Delayed Shutdown Socket.
[   18.786173] systemd[1]: Starting Journal Socket (/dev/log).
[  OK  ] Listening on Journal Socket (/dev/log).
[   18.808655] systemd[1]: Listening on Journal Socket (/dev/log).
[   18.813963] systemd[1]: Starting udev Control Socket.
[  OK  ] Listening on udev Control Socket.
[   18.852079] systemd[1]: Listening on udev Control Socket.
[   18.857199] systemd[1]: Starting udev Kernel Socket.
[  OK  ] Listening on udev Kernel Socket.
[   18.961458] systemd[1]: Listening on udev Kernel Socket.
[   18.964158] systemd[1]: Starting Journal Socket.
[  OK  ] Listening on Journal Socket.
[   19.095626] systemd[1]: Listening on Journal Socket.
[   19.100281] systemd[1]: Starting System Slice.
[  OK  ] Created slice System Slice.
[   19.111983] systemd[1]: Created slice System Slice.
[   19.116780] systemd[1]: Started File System Check on Root Device.
[   19.120413] systemd[1]: Starting system-systemd\x2dfsck.slice.
[  OK  ] Created slice system-systemd\x2dfsck.slice.
[   19.131136] systemd[1]: Created slice system-systemd\x2dfsck.slice.
[   19.133091] systemd[1]: Starting system-autologin.slice.
[  OK  ] Created slice system-autologin.slice.
[   19.147033] systemd[1]: Created slice system-autologin.slice.
[   19.152054] systemd[1]: Starting system-serial\x2dgetty.slice.
[  OK  ] Created slice system-serial\x2dgetty.slice.
[   19.166882] systemd[1]: Created slice system-serial\x2dgetty.slice.
[   19.178814] systemd[1]: Starting Increase datagram queue length...
         Starting Increase datagram queue length...
[   19.304172] systemd[1]: Starting Restore / save the current clock...
         Starting Restore / save the current clock...
[   19.794203] systemd[1]: Starting Load Kernel Modules...
         Starting Load Kernel Modules...
[   20.002031] hrtimer: interrupt took 144239583 ns
[   20.264190] systemd[1]: Started Set Up Additional Binary Formats.
[   20.303682] systemd[1]: Starting Create list of required static device nodes for the current kernel...
         Starting Create list of required static device nodes...rrent kernel...
[   20.491044] systemd[1]: Mounting Debug File System...
         Mounting Debug File System...
[   20.944142] systemd[1]: Mounting POSIX Message Queue File System...
         Mounting POSIX Message Queue File System...
[   21.520401] systemd[1]: Mounted Huge Pages File System.
[   21.525394] systemd[1]: Starting udev Coldplug all Devices...
         Starting udev Coldplug all Devices...
[   22.362854] systemd[1]: Starting Slices.
[  OK  ] Reached target Slices.
[   22.386188] systemd[1]: Reached target Slices.
[  OK  ] Started Increase datagram queue length.
[   23.599852] systemd[1]: Started Increase datagram queue length.
[   23.623771] fuse init (API version 7.23)
[   24.079059] i2c /dev entries driver
[  OK  ] Started Load Kernel Modules.
[   25.263518] systemd[1]: Started Load Kernel Modules.
[  OK  ] Started Create list of required static device nodes ...current kernel.
[   25.452000] systemd[1]: Started Create list of required static device nodes for the current kernel.
[  OK  ] Mounted Debug File System.
[   25.508306] systemd[1]: Mounted Debug File System.
[  OK  ] Mounted POSIX Message Queue File System.
[   25.554150] systemd[1]: Mounted POSIX Message Queue File System.
[  OK  ] Started Restore / save the current clock.
[   26.174997] systemd[1]: Started Restore / save the current clock.
[   26.267718] systemd[1]: Time has been changed
[  OK  ] Started udev Coldplug all Devices.
[   26.952277] systemd[1]: Started udev Coldplug all Devices.
[   27.229549] systemd[1]: Starting Create Static Device Nodes in /dev...
         Starting Create Static Device Nodes in /dev...
[   27.279687] systemd[1]: Mounting FUSE Control File System...
         Mounting FUSE Control File System...
[   27.405900] systemd[1]: Starting Apply Kernel Variables...
         Starting Apply Kernel Variables...
[   27.602755] systemd[1]: Mounting Configuration File System...
         Mounting Configuration File System...
[   27.791408] systemd[1]: Starting Syslog Socket.
[  OK  ] Listening on Syslog Socket.
[   27.824731] systemd[1]: Listening on Syslog Socket.
[   27.830217] systemd[1]: Starting Journal Service...
         Starting Journal Service...
[  OK  ] Started Journal Service.
[   28.210024] systemd[1]: Started Journal Service.
[  OK  ] Started Apply Kernel Variables.
[  OK  ] Mounted FUSE Control File System.
[  OK  ] Mounted Configuration File System.
[  OK  ] Started Create Static Device Nodes in /dev.
         Starting udev Kernel Device Manager...
[  OK  ] Started udev Kernel Device Manager.
         Starting Copy rules generated while the root was ro...
         Starting LSB: Tune IDE hard disks...
         Starting LSB: Set preliminary keymap...
[  OK  ] Started Copy rules generated while the root was ro.
[  OK  ] Started LSB: Tune IDE hard disks.
[  OK  ] Found device /dev/ttyAMA0.
[  OK  ] Found device /dev/mmcblk0p1.
[  OK  ] Started LSB: Set preliminary keymap.
[  OK  ] Reached target Paths.
         Starting Remount Root and Kernel File Systems...
         Starting File System Check on /dev/mmcblk0p1...
[  OK  ] Started Remount Root and Kernel File Systems.
         Starting Load/Save Random Seed...
[  OK  ] Reached target Local File Systems (Pre).
[  OK  ] Started Load/Save Random Seed.
[   53.928417] systemd-fsck[185]: fsck.fat 3.0.27 (2014-11-12)
[   53.987417] systemd-fsck[185]: 0x25: Dirty bit is set. Fs was not properly unmounted and some data may be corrupt.
[   54.072366] systemd-fsck[185]: Automatically removing dirty bit.
[   54.135461] systemd-fsck[185]: Performing changes.
[   54.163265] systemd-fsck[185]: /dev/mmcblk0p1: 73 files, 2537/7673 clusters
[  OK  ] Started File System Check on /dev/mmcblk0p1.
         Mounting /boot...
[  OK  ] Mounted /boot.
[  OK  ] Reached target Local File Systems.
         Starting Create Volatile Files and Directories...
         Starting Tell Plymouth To Write Out Runtime Data...
         Starting LSB: Raise network interfaces....
[  OK  ] Reached target Remote File Systems.
         Starting Trigger Flushing of Journal to Persistent Storage...
         Starting LSB: Switch to ondemand cpu governor (unles... is pressed)...
         Starting LSB: Prepare console...
[  OK  ] Started Tell Plymouth To Write Out Runtime Data.
[  OK  ] Started Trigger Flushing of Journal to Persistent Storage.
[  OK  ] Started Create Volatile Files and Directories.
         Starting Update UTMP about System Boot/Shutdown...
[  OK  ] Started Update UTMP about System Boot/Shutdown.
[  OK  ] Started LSB: Switch to ondemand cpu governor (unless...ey is pressed).
[  OK  ] Started LSB: Prepare console.
         Starting LSB: Set console font and keymap...
[  OK  ] Started LSB: Raise network interfaces..
[  OK  ] Started LSB: Set console font and keymap.
[  OK  ] Reached target System Initialization.
[  OK  ] Listening on Avahi mDNS/DNS-SD Stack Activation Socket.
[  OK  ] Listening on D-Bus System Message Bus Socket.
[  OK  ] Reached target Sockets.
[  OK  ] Reached target Timers.
[  OK  ] Reached target Basic System.
         Starting LSB: Regenerate ssh host keys...
         Starting dhcpcd on all interfaces...
         Starting Regular background program processing daemon...
[  OK  ] Started Regular background program processing daemon.
         Starting Login Service...
         Starting LSB: triggerhappy hotkey daemon...
         Starting LSB: Autogenerate and use a swap file...
         Starting Avahi mDNS/DNS-SD Stack...
         Starting D-Bus System Message Bus...
[  OK  ] Started D-Bus System Message Bus.
[  OK  ] Started Avahi mDNS/DNS-SD Stack.
         Starting System Logging Service...
         Starting Permit User Sessions...
[  OK  ] Started LSB: Regenerate ssh host keys.
[  OK  ] Started dhcpcd on all interfaces.
[  OK  ] Started LSB: triggerhappy hotkey daemon.
[  OK  ] Started Permit User Sessions.
[  OK  ] Started Login Service.
         Starting Light Display Manager...
[  OK  ] Reached target Network.
         Starting OpenBSD Secure Shell server...
[  OK  ] Started OpenBSD Secure Shell server.
         Starting /etc/rc.local Compatibility...
[  OK  ] Reached target Network is Online.
         Starting LSB: Start NTP daemon...
[  OK  ] Started /etc/rc.local Compatibility.
         Starting Wait for Plymouth Boot Screen to Quit...
         Starting Terminate Plymouth Boot Screen...
[  OK  ] Started System Logging Service.
[  OK  ] Started Wait for Plymouth Boot Screen to Quit.
         Starting Getty on tty1...
[  OK  ] Started Getty on tty1.
         Starting Serial Getty on ttyAMA0...
[  OK  ] Started Serial Getty on ttyAMA0.
[  OK  ] Reached target Login Prompts.
[  OK  ] Started LSB: Autogenerate and use a swap file.
[  OK  ] Started Terminate Plymouth Boot Screen.

Raspbian GNU/Linux 8 raspberrypi ttyAMA0

raspberrypi login: pi
Password: 
Last login: Sat Nov 21 21:36:52 UTC 2015 on tty1
Linux raspberrypi 4.1.13-v7+ #826 SMP PREEMPT Fri Nov 13 20:19:03 GMT 2015 armv7l

The programs included with the Debian GNU/Linux system are free software;
the exact distribution terms for each program are described in the
individual files in /usr/share/doc/*/copyright.

Debian GNU/Linux comes with ABSOLUTELY NO WARRANTY, to the extent
permitted by applicable law.
```