```
WARNING: Image format was not specified for '2020-02-13-raspbian-buster-lite.img' and probing guessed raw.
         Automatically detecting the format is dangerous for raw images, write operations on block 0 will be restricted.
         Specify the 'raw' format explicitly to remove the restrictions.
pulseaudio: set_sink_input_volume() failed
pulseaudio: Reason: Invalid argument
pulseaudio: set_sink_input_mute() failed
pulseaudio: Reason: Invalid argument
vpb_sic_write: Bad register offset 0x2c
Booting Linux on physical CPU 0x0
Linux version 4.19.50+ (niklas@ubuntu) (gcc version 9.2.1 20191008 (Ubuntu 9.2.1-9ubuntu2)) #1 Tue Nov 26 01:49:16 CET 2019
CPU: ARMv6-compatible processor [410fb767] revision 7 (ARMv7), cr=00c5387d
CPU: VIPT aliasing data cache, unknown instruction cache
OF: fdt: Machine model: ARM Versatile PB
Memory policy: Data cache writeback
random: get_random_bytes called from start_kernel+0x88/0x414 with crng_init=0
Built 1 zonelists, mobility grouping on.  Total pages: 64960
Kernel command line: root=/dev/sda2 panic=1
Dentry cache hash table entries: 32768 (order: 5, 131072 bytes)
Inode-cache hash table entries: 16384 (order: 4, 65536 bytes)
Memory: 252032K/262144K available (5406K kernel code, 211K rwdata, 1360K rodata, 196K init, 142K bss, 10112K reserved, 0K cma-reserved)
Virtual kernel memory layout:
    vector  : 0xffff0000 - 0xffff1000   (   4 kB)
    fixmap  : 0xffc00000 - 0xfff00000   (3072 kB)
    vmalloc : 0xd0800000 - 0xff800000   ( 752 MB)
    lowmem  : 0xc0000000 - 0xd0000000   ( 256 MB)
    modules : 0xbf000000 - 0xc0000000   (  16 MB)
      .text : 0x(ptrval) - 0x(ptrval)   (5408 kB)
      .init : 0x(ptrval) - 0x(ptrval)   ( 196 kB)
      .data : 0x(ptrval) - 0x(ptrval)   ( 212 kB)
       .bss : 0x(ptrval) - 0x(ptrval)   ( 143 kB)
NR_IRQS: 16, nr_irqs: 16, preallocated irqs: 16
VIC @(ptrval): id 0x00041190, vendor 0x41
FPGA IRQ chip 0 "intc" @ (ptrval), 20 irqs, parent IRQ: 47
clocksource: arm,sp804: mask: 0xffffffff max_cycles: 0xffffffff, max_idle_ns: 1911260446275 ns
sched_clock: 32 bits at 1000kHz, resolution 1000ns, wraps every 2147483647500ns
Failed to initialize '/amba/timer@101e3000': -22
sched_clock: 32 bits at 24MHz, resolution 41ns, wraps every 89478484971ns
Console: colour dummy device 80x30
console [tty0] enabled
Calibrating delay loop... 607.84 BogoMIPS (lpj=3039232)
pid_max: default: 32768 minimum: 301
Mount-cache hash table entries: 1024 (order: 0, 4096 bytes)
Mountpoint-cache hash table entries: 1024 (order: 0, 4096 bytes)
CPU: Testing write buffer coherency: ok
Setting up static identity map for 0x8220 - 0x827c
devtmpfs: initialized
VFP support v0.3: implementor 41 architecture 1 part 20 variant b rev 5
clocksource: jiffies: mask: 0xffffffff max_cycles: 0xffffffff, max_idle_ns: 19112604462750000 ns
futex hash table entries: 256 (order: -1, 3072 bytes)
NET: Registered protocol family 16
DMA: preallocated 256 KiB pool for atomic coherent allocations
OF: amba_device_add() failed (-19) for /amba/smc@10100000
OF: amba_device_add() failed (-19) for /amba/mpmc@10110000
OF: amba_device_add() failed (-19) for /amba/sctl@101e0000
OF: amba_device_add() failed (-19) for /amba/watchdog@101e1000
OF: amba_device_add() failed (-19) for /amba/sci@101f0000
OF: amba_device_add() failed (-19) for /amba/spi@101f4000
OF: amba_device_add() failed (-19) for /amba/fpga/sci@a000
Serial: AMBA PL011 UART driver
101f1000.uart: ttyAMA0 at MMIO 0x101f1000 (irq = 28, base_baud = 0) is a PL011 rev1
console [ttyAMA0] enabled
101f2000.uart: ttyAMA1 at MMIO 0x101f2000 (irq = 29, base_baud = 0) is a PL011 rev1
101f3000.uart: ttyAMA2 at MMIO 0x101f3000 (irq = 30, base_baud = 0) is a PL011 rev1
10009000.uart: ttyAMA3 at MMIO 0x10009000 (irq = 54, base_baud = 0) is a PL011 rev1
vgaarb: loaded
SCSI subsystem initialized
clocksource: Switched to clocksource arm,sp804
NET: Registered protocol family 2
tcp_listen_portaddr_hash hash table entries: 512 (order: 0, 4096 bytes)
TCP established hash table entries: 2048 (order: 1, 8192 bytes)
TCP bind hash table entries: 2048 (order: 1, 8192 bytes)
TCP: Hash tables configured (established 2048 bind 2048)
UDP hash table entries: 256 (order: 0, 4096 bytes)
UDP-Lite hash table entries: 256 (order: 0, 4096 bytes)
NET: Registered protocol family 1
RPC: Registered named UNIX socket transport module.
RPC: Registered udp transport module.
RPC: Registered tcp transport module.
RPC: Registered tcp NFSv4.1 backchannel transport module.
NetWinder Floating Point Emulator V0.97 (double precision)
workingset: timestamp_bits=14 max_order=16 bucket_order=2
Installing knfsd (copyright (C) 1996 okir@monad.swb.de).
jffs2: version 2.2. (NAND) © 2001-2006 Red Hat, Inc.
romfs: ROMFS MTD (C) 2007 Red Hat, Inc.
9p: Installing v9fs 9p2000 file system support
Block layer SCSI generic (bsg) driver version 0.4 loaded (major 252)
io scheduler noop registered
io scheduler deadline registered
io scheduler cfq registered (default)
io scheduler mq-deadline registered
io scheduler kyber registered
pl061_gpio 101e4000.gpio: PL061 GPIO chip @0x101e4000 registered
pl061_gpio 101e5000.gpio: PL061 GPIO chip @0x101e5000 registered
pl061_gpio 101e6000.gpio: PL061 GPIO chip @0x101e6000 registered
pl061_gpio 101e7000.gpio: PL061 GPIO chip @0x101e7000 registered
versatile-pci 10001000.pci: host bridge /amba/pci@10001000 ranges:
versatile-pci 10001000.pci:    IO 0x43000000..0x4300ffff -> 0x00000000
versatile-pci 10001000.pci:   MEM 0x50000000..0x5fffffff -> 0x50000000
versatile-pci 10001000.pci:   MEM 0x60000000..0x6fffffff -> 0x60000000
versatile-pci 10001000.pci: PCI core found (slot 11)
versatile-pci 10001000.pci: PCI host bridge to bus 0000:00
pci_bus 0000:00: root bus resource [bus 00-ff]
pci_bus 0000:00: root bus resource [io  0x0000-0xffff]
pci_bus 0000:00: root bus resource [mem 0x50000000-0x5fffffff]
pci_bus 0000:00: root bus resource [mem 0x60000000-0x6fffffff pref]
PCI: bus0: Fast back to back transfers disabled
pci 0000:00:0c.0: BAR 2: assigned [mem 0x50000000-0x50001fff]
pci 0000:00:0c.0: BAR 1: assigned [mem 0x50002000-0x500023ff]
pci 0000:00:0c.0: BAR 0: assigned [io  0x1000-0x10ff]
versatile-tft-panel 10000000.sysreg:display@0: no panel detected
drm-clcd-pl111 dev:20: set up callbacks for Versatile PL110
drm-clcd-pl111 dev:20: found bridge on endpoint 1
drm-clcd-pl111 dev:20: Using non-panel bridge
[drm] Supports vblank timestamp caching Rev 2 (21.10.2013).
[drm] No driver support for vblank timestamp query.
drm-clcd-pl111 dev:20: enable Versatile CLCD connectors
------------[ cut here ]------------
WARNING: CPU: 0 PID: 1 at drivers/gpu/drm/drm_atomic_helper.c:1385 drm_atomic_helper_wait_for_vblanks.part.0+0x274/0x28c
[CRTC:29:crtc-0] vblank wait timed out
Modules linked in:
CPU: 0 PID: 1 Comm: swapper Not tainted 4.19.50+ #1
Hardware name: ARM-Versatile (Device Tree Support)
[<c001d230>] (unwind_backtrace) from [<c00190ac>] (show_stack+0x10/0x14)
[<c00190ac>] (show_stack) from [<c0026150>] (__warn+0xc4/0xf0)
[<c0026150>] (__warn) from [<c0025dac>] (warn_slowpath_fmt+0x44/0x70)
[<c0025dac>] (warn_slowpath_fmt) from [<c0306878>] (drm_atomic_helper_wait_for_vblanks.part.0+0x274/0x28c)
[<c0306878>] (drm_atomic_helper_wait_for_vblanks.part.0) from [<c0307440>] (drm_atomic_helper_commit_tail+0x5c/0x6c)
[<c0307440>] (drm_atomic_helper_commit_tail) from [<c03074b8>] (commit_tail+0x68/0x6c)
[<c03074b8>] (commit_tail) from [<c030757c>] (drm_atomic_helper_commit+0xb8/0x128)
[<c030757c>] (drm_atomic_helper_commit) from [<c030a734>] (restore_fbdev_mode_atomic+0x160/0x1c4)
[<c030a734>] (restore_fbdev_mode_atomic) from [<c030df6c>] (drm_fb_helper_restore_fbdev_mode_unlocked+0x50/0xa4)
[<c030df6c>] (drm_fb_helper_restore_fbdev_mode_unlocked) from [<c030dfec>] (drm_fb_helper_set_par+0x2c/0x54)
[<c030dfec>] (drm_fb_helper_set_par) from [<c02b36c8>] (fbcon_init+0x478/0x5f0)
[<c02b36c8>] (fbcon_init) from [<c02e4620>] (visual_init+0xb8/0x100)
[<c02e4620>] (visual_init) from [<c02e6608>] (do_bind_con_driver+0x1c0/0x39c)
[<c02e6608>] (do_bind_con_driver) from [<c02e6ba0>] (do_take_over_console+0x13c/0x1f0)
[<c02e6ba0>] (do_take_over_console) from [<c02b38a0>] (do_fbcon_takeover+0x60/0xc0)
[<c02b38a0>] (do_fbcon_takeover) from [<c0040da8>] (notifier_call_chain+0x48/0x84)
[<c0040da8>] (notifier_call_chain) from [<c0041520>] (blocking_notifier_call_chain+0x50/0x6c)
[<c0041520>] (blocking_notifier_call_chain) from [<c02aa8a4>] (register_framebuffer+0x200/0x304)
[<c02aa8a4>] (register_framebuffer) from [<c030da84>] (__drm_fb_helper_initial_config_and_unlock+0x290/0x454)
[<c030da84>] (__drm_fb_helper_initial_config_and_unlock) from [<c030dd80>] (drm_fb_helper_fbdev_setup+0x138/0x200)
[<c030dd80>] (drm_fb_helper_fbdev_setup) from [<c030e2cc>] (drm_fbdev_cma_init+0x78/0xb4)
[<c030e2cc>] (drm_fbdev_cma_init) from [<c030e310>] (drm_fb_cma_fbdev_init+0x8/0x14)
[<c030e310>] (drm_fb_cma_fbdev_init) from [<c0339694>] (pl111_amba_probe+0x334/0x490)
[<c0339694>] (pl111_amba_probe) from [<c02bc038>] (amba_probe+0xcc/0x134)
[<c02bc038>] (amba_probe) from [<c034159c>] (really_probe+0x1b8/0x2a4)
[<c034159c>] (really_probe) from [<c03417e8>] (driver_probe_device+0x5c/0x164)
[<c03417e8>] (driver_probe_device) from [<c03419cc>] (__driver_attach+0xdc/0xe0)
[<c03419cc>] (__driver_attach) from [<c033f8d8>] (bus_for_each_dev+0x74/0xbc)
[<c033f8d8>] (bus_for_each_dev) from [<c0340a48>] (bus_add_driver+0x16c/0x200)
[<c0340a48>] (bus_add_driver) from [<c03422f0>] (driver_register+0x74/0x108)
[<c03422f0>] (driver_register) from [<c000abec>] (do_one_initcall+0x4c/0x19c)
[<c000abec>] (do_one_initcall) from [<c06cbde0>] (kernel_init_freeable+0x100/0x1bc)
[<c06cbde0>] (kernel_init_freeable) from [<c054b384>] (kernel_init+0x8/0xe8)
[<c054b384>] (kernel_init) from [<c00090e8>] (ret_from_fork+0x14/0x2c)
Exception stack(0xcf823fb0 to 0xcf823ff8)
3fa0:                                     00000000 00000000 00000000 00000000
3fc0: 00000000 00000000 00000000 00000000 00000000 00000000 00000000 00000000
3fe0: 00000000 00000000 00000000 00000000 00000013 00000000
---[ end trace ef9900b38e744698 ]---
[drm:drm_atomic_helper_wait_for_dependencies] *ERROR* [CRTC:29:crtc-0] flip_done timed out
[drm:drm_atomic_helper_wait_for_dependencies] *ERROR* [CONNECTOR:31:VGA-1] flip_done timed out
[drm:drm_atomic_helper_wait_for_dependencies] *ERROR* [PLANE:28:plane-0] flip_done timed out
------------[ cut here ]------------
WARNING: CPU: 0 PID: 1 at drivers/gpu/drm/drm_atomic_helper.c:1385 drm_atomic_helper_wait_for_vblanks.part.0+0x274/0x28c
[CRTC:29:crtc-0] vblank wait timed out
Modules linked in:
CPU: 0 PID: 1 Comm: swapper Tainted: G        W         4.19.50+ #1
Hardware name: ARM-Versatile (Device Tree Support)
[<c001d230>] (unwind_backtrace) from [<c00190ac>] (show_stack+0x10/0x14)
[<c00190ac>] (show_stack) from [<c0026150>] (__warn+0xc4/0xf0)
[<c0026150>] (__warn) from [<c0025dac>] (warn_slowpath_fmt+0x44/0x70)
[<c0025dac>] (warn_slowpath_fmt) from [<c0306878>] (drm_atomic_helper_wait_for_vblanks.part.0+0x274/0x28c)
[<c0306878>] (drm_atomic_helper_wait_for_vblanks.part.0) from [<c0307440>] (drm_atomic_helper_commit_tail+0x5c/0x6c)
[<c0307440>] (drm_atomic_helper_commit_tail) from [<c03074b8>] (commit_tail+0x68/0x6c)
[<c03074b8>] (commit_tail) from [<c030757c>] (drm_atomic_helper_commit+0xb8/0x128)
[<c030757c>] (drm_atomic_helper_commit) from [<c030a734>] (restore_fbdev_mode_atomic+0x160/0x1c4)
[<c030a734>] (restore_fbdev_mode_atomic) from [<c030a8e0>] (drm_fb_helper_pan_display+0xb8/0x1cc)
[<c030a8e0>] (drm_fb_helper_pan_display) from [<c02a8ce8>] (fb_pan_display+0x98/0x10c)
[<c02a8ce8>] (fb_pan_display) from [<c02b76ec>] (bit_update_start+0x14/0x30)
[<c02b76ec>] (bit_update_start) from [<c02b63c0>] (fbcon_switch+0x404/0x580)
[<c02b63c0>] (fbcon_switch) from [<c02e5d44>] (redraw_screen+0x15c/0x284)
[<c02e5d44>] (redraw_screen) from [<c02b31c8>] (fbcon_prepare_logo+0x388/0x410)
[<c02b31c8>] (fbcon_prepare_logo) from [<c02b362c>] (fbcon_init+0x3dc/0x5f0)
[<c02b362c>] (fbcon_init) from [<c02e4620>] (visual_init+0xb8/0x100)
[<c02e4620>] (visual_init) from [<c02e6608>] (do_bind_con_driver+0x1c0/0x39c)
[<c02e6608>] (do_bind_con_driver) from [<c02e6ba0>] (do_take_over_console+0x13c/0x1f0)
[<c02e6ba0>] (do_take_over_console) from [<c02b38a0>] (do_fbcon_takeover+0x60/0xc0)
[<c02b38a0>] (do_fbcon_takeover) from [<c0040da8>] (notifier_call_chain+0x48/0x84)
[<c0040da8>] (notifier_call_chain) from [<c0041520>] (blocking_notifier_call_chain+0x50/0x6c)
[<c0041520>] (blocking_notifier_call_chain) from [<c02aa8a4>] (register_framebuffer+0x200/0x304)
[<c02aa8a4>] (register_framebuffer) from [<c030da84>] (__drm_fb_helper_initial_config_and_unlock+0x290/0x454)
[<c030da84>] (__drm_fb_helper_initial_config_and_unlock) from [<c030dd80>] (drm_fb_helper_fbdev_setup+0x138/0x200)
[<c030dd80>] (drm_fb_helper_fbdev_setup) from [<c030e2cc>] (drm_fbdev_cma_init+0x78/0xb4)
[<c030e2cc>] (drm_fbdev_cma_init) from [<c030e310>] (drm_fb_cma_fbdev_init+0x8/0x14)
[<c030e310>] (drm_fb_cma_fbdev_init) from [<c0339694>] (pl111_amba_probe+0x334/0x490)
[<c0339694>] (pl111_amba_probe) from [<c02bc038>] (amba_probe+0xcc/0x134)
[<c02bc038>] (amba_probe) from [<c034159c>] (really_probe+0x1b8/0x2a4)
[<c034159c>] (really_probe) from [<c03417e8>] (driver_probe_device+0x5c/0x164)
[<c03417e8>] (driver_probe_device) from [<c03419cc>] (__driver_attach+0xdc/0xe0)
[<c03419cc>] (__driver_attach) from [<c033f8d8>] (bus_for_each_dev+0x74/0xbc)
[<c033f8d8>] (bus_for_each_dev) from [<c0340a48>] (bus_add_driver+0x16c/0x200)
[<c0340a48>] (bus_add_driver) from [<c03422f0>] (driver_register+0x74/0x108)
[<c03422f0>] (driver_register) from [<c000abec>] (do_one_initcall+0x4c/0x19c)
[<c000abec>] (do_one_initcall) from [<c06cbde0>] (kernel_init_freeable+0x100/0x1bc)
[<c06cbde0>] (kernel_init_freeable) from [<c054b384>] (kernel_init+0x8/0xe8)
[<c054b384>] (kernel_init) from [<c00090e8>] (ret_from_fork+0x14/0x2c)
Exception stack(0xcf823fb0 to 0xcf823ff8)
3fa0:                                     00000000 00000000 00000000 00000000
3fc0: 00000000 00000000 00000000 00000000 00000000 00000000 00000000 00000000
3fe0: 00000000 00000000 00000000 00000000 00000013 00000000
---[ end trace ef9900b38e744699 ]---
Console: switching to colour frame buffer device 100x37
random: fast init done
[drm:drm_atomic_helper_wait_for_dependencies] *ERROR* [CRTC:29:crtc-0] flip_done timed out
[drm:drm_atomic_helper_wait_for_dependencies] *ERROR* [CONNECTOR:31:VGA-1] flip_done timed out
[drm:drm_atomic_helper_wait_for_dependencies] *ERROR* [PLANE:28:plane-0] flip_done timed out
------------[ cut here ]------------
WARNING: CPU: 0 PID: 1 at drivers/gpu/drm/drm_atomic_helper.c:1385 drm_atomic_helper_wait_for_vblanks.part.0+0x274/0x28c
[CRTC:29:crtc-0] vblank wait timed out
Modules linked in:
CPU: 0 PID: 1 Comm: swapper Tainted: G        W         4.19.50+ #1
Hardware name: ARM-Versatile (Device Tree Support)
[<c001d230>] (unwind_backtrace) from [<c00190ac>] (show_stack+0x10/0x14)
[<c00190ac>] (show_stack) from [<c0026150>] (__warn+0xc4/0xf0)
[<c0026150>] (__warn) from [<c0025dac>] (warn_slowpath_fmt+0x44/0x70)
[<c0025dac>] (warn_slowpath_fmt) from [<c0306878>] (drm_atomic_helper_wait_for_vblanks.part.0+0x274/0x28c)
[<c0306878>] (drm_atomic_helper_wait_for_vblanks.part.0) from [<c0307440>] (drm_atomic_helper_commit_tail+0x5c/0x6c)
[<c0307440>] (drm_atomic_helper_commit_tail) from [<c03074b8>] (commit_tail+0x68/0x6c)
[<c03074b8>] (commit_tail) from [<c030757c>] (drm_atomic_helper_commit+0xb8/0x128)
[<c030757c>] (drm_atomic_helper_commit) from [<c030a734>] (restore_fbdev_mode_atomic+0x160/0x1c4)
[<c030a734>] (restore_fbdev_mode_atomic) from [<c030a8e0>] (drm_fb_helper_pan_display+0xb8/0x1cc)
[<c030a8e0>] (drm_fb_helper_pan_display) from [<c02a8ce8>] (fb_pan_display+0x98/0x10c)
[<c02a8ce8>] (fb_pan_display) from [<c02b76ec>] (bit_update_start+0x14/0x30)
[<c02b76ec>] (bit_update_start) from [<c02b63c0>] (fbcon_switch+0x404/0x580)
[<c02b63c0>] (fbcon_switch) from [<c02e5d44>] (redraw_screen+0x15c/0x284)
[<c02e5d44>] (redraw_screen) from [<c02e6770>] (do_bind_con_driver+0x328/0x39c)
[<c02e6770>] (do_bind_con_driver) from [<c02e6ba0>] (do_take_over_console+0x13c/0x1f0)
[<c02e6ba0>] (do_take_over_console) from [<c02b38a0>] (do_fbcon_takeover+0x60/0xc0)
[<c02b38a0>] (do_fbcon_takeover) from [<c0040da8>] (notifier_call_chain+0x48/0x84)
[<c0040da8>] (notifier_call_chain) from [<c0041520>] (blocking_notifier_call_chain+0x50/0x6c)
[<c0041520>] (blocking_notifier_call_chain) from [<c02aa8a4>] (register_framebuffer+0x200/0x304)
[<c02aa8a4>] (register_framebuffer) from [<c030da84>] (__drm_fb_helper_initial_config_and_unlock+0x290/0x454)
[<c030da84>] (__drm_fb_helper_initial_config_and_unlock) from [<c030dd80>] (drm_fb_helper_fbdev_setup+0x138/0x200)
[<c030dd80>] (drm_fb_helper_fbdev_setup) from [<c030e2cc>] (drm_fbdev_cma_init+0x78/0xb4)
[<c030e2cc>] (drm_fbdev_cma_init) from [<c030e310>] (drm_fb_cma_fbdev_init+0x8/0x14)
[<c030e310>] (drm_fb_cma_fbdev_init) from [<c0339694>] (pl111_amba_probe+0x334/0x490)
[<c0339694>] (pl111_amba_probe) from [<c02bc038>] (amba_probe+0xcc/0x134)
[<c02bc038>] (amba_probe) from [<c034159c>] (really_probe+0x1b8/0x2a4)
[<c034159c>] (really_probe) from [<c03417e8>] (driver_probe_device+0x5c/0x164)
[<c03417e8>] (driver_probe_device) from [<c03419cc>] (__driver_attach+0xdc/0xe0)
[<c03419cc>] (__driver_attach) from [<c033f8d8>] (bus_for_each_dev+0x74/0xbc)
[<c033f8d8>] (bus_for_each_dev) from [<c0340a48>] (bus_add_driver+0x16c/0x200)
[<c0340a48>] (bus_add_driver) from [<c03422f0>] (driver_register+0x74/0x108)
[<c03422f0>] (driver_register) from [<c000abec>] (do_one_initcall+0x4c/0x19c)
[<c000abec>] (do_one_initcall) from [<c06cbde0>] (kernel_init_freeable+0x100/0x1bc)
[<c06cbde0>] (kernel_init_freeable) from [<c054b384>] (kernel_init+0x8/0xe8)
[<c054b384>] (kernel_init) from [<c00090e8>] (ret_from_fork+0x14/0x2c)
Exception stack(0xcf823fb0 to 0xcf823ff8)
3fa0:                                     00000000 00000000 00000000 00000000
3fc0: 00000000 00000000 00000000 00000000 00000000 00000000 00000000 00000000
3fe0: 00000000 00000000 00000000 00000000 00000013 00000000
---[ end trace ef9900b38e74469a ]---
drm-clcd-pl111 dev:20: fb0: DRM emulated frame buffer device
[drm] Initialized pl111 1.0.0 20170317 for dev:20 on minor 0
brd: module loaded
loop: module loaded
sym53c8xx 0000:00:0c.0: enabling device (0100 -> 0103)
sym0: <895a> rev 0x0 at pci 0000:00:0c.0 irq 66
sym0: No NVRAM, ID 7, Fast-40, LVD, parity checking
sym0: SCSI BUS has been reset.
scsi host0: sym-2.2.3
scsi 0:0:0:0: Direct-Access     QEMU     QEMU HARDDISK    2.5+ PQ: 0 ANSI: 5
scsi target0:0:0: tagged command queuing enabled, command queue depth 16.
scsi target0:0:0: Beginning Domain Validation
scsi target0:0:0: Domain Validation skipping write tests
scsi target0:0:0: Ending Domain Validation
scsi 0:0:2:0: CD-ROM            QEMU     QEMU CD-ROM      2.5+ PQ: 0 ANSI: 5
scsi target0:0:2: tagged command queuing enabled, command queue depth 16.
scsi target0:0:2: Beginning Domain Validation
scsi target0:0:2: Domain Validation skipping write tests
scsi target0:0:2: Ending Domain Validation
sr 0:0:2:0: Power-on or device reset occurred
sr 0:0:2:0: [sr0] scsi3-mmc drive: 16x/50x cd/rw xa/form2 cdda tray
cdrom: Uniform CD-ROM driver Revision: 3.20
sd 0:0:0:0: Power-on or device reset occurred
sd 0:0:0:0: [sda] 3612672 512-byte logical blocks: (1.85 GB/1.72 GiB)
sd 0:0:0:0: [sda] Write Protect is off
sd 0:0:0:0: [sda] Write cache: enabled, read cache: enabled, doesn't support DPO or FUA
of-flash 34000000.flash: versatile/realview flash protection
34000000.flash: Found 1 x32 devices at 0x0 in 32-bit bank. Manufacturer ID 0x000000 Chip ID 0x000000
Intel/Sharp Extended Query Table at 0x0031
Using buffer write method
 sda: sda1 sda2
sd 0:0:0:0: [sda] Attached SCSI disk
smc91x.c: v1.1, sep 22 2004 by Nicolas Pitre <nico@fluxnic.net>
smc91x 10010000.net eth0: SMC91C11xFD (rev 1) at (ptrval) IRQ 41
smc91x 10010000.net eth0: Ethernet addr: 52:54:00:12:34:56
rtc-ds1307 0-0068: registered as rtc0
versatile reboot driver registered
device-mapper: ioctl: 4.39.0-ioctl (2018-04-03) initialised: dm-devel@redhat.com
mmci-pl18x fpga:05: /aliases ID not available
mmci-pl18x fpga:05: mmc0: PL181 manf 41 rev0 at 0x10005000 irq 59,60 (pio)
mmci-pl18x fpga:05: DMA channels RX none, TX none
mmci-pl18x fpga:0b: /aliases ID not available
mmci-pl18x fpga:0b: mmc1: PL181 manf 41 rev0 at 0x1000b000 irq 49,50 (pio)
mmci-pl18x fpga:0b: DMA channels RX none, TX none
leds-syscon 10000000.core-module:led@08.0: registered LED versatile:0
leds-syscon 10000000.core-module:led@08.1: registered LED versatile:1
leds-syscon 10000000.core-module:led@08.2: registered LED versatile:2
leds-syscon 10000000.core-module:led@08.3: registered LED versatile:3
leds-syscon 10000000.core-module:led@08.4: registered LED versatile:4
leds-syscon 10000000.core-module:led@08.5: registered LED versatile:5
leds-syscon 10000000.core-module:led@08.6: registered LED versatile:6
leds-syscon 10000000.core-module:led@08.7: registered LED versatile:7
ledtrig-cpu: registered to indicate activity on CPUs
NET: Registered protocol family 17
Bridge firewalling registered
9pnet: Installing 9P2000 support
input: AT Raw Set 2 keyboard as /devices/platform/amba/amba:fpga/10006000.kmi/serio0/input/input0
rtc-ds1307 0-0068: setting system clock to 2020-06-30 16:10:02 UTC (1593533402)
uart-pl011 101f1000.uart: no DMA platform data
input: ImExPS/2 Generic Explorer Mouse as /devices/platform/amba/amba:fpga/10007000.kmi/serio1/input/input2
EXT4-fs (sda2): mounted filesystem with ordered data mode. Opts: (null)
VFS: Mounted root (ext4 filesystem) readonly on device 8:2.
devtmpfs: mounted
Freeing unused kernel memory: 196K
This architecture does not have kernel memory protection.
Run /sbin/init as init process
systemd[1]: Failed to lookup module alias 'autofs4': Function not implemented
systemd[1]: systemd 241 running in system mode. (+PAM +AUDIT +SELINUX +IMA +APPARMOR +SMACK +SYSVINIT +UTMP +LIBCRYPTSETUP +GCRYPT +GNUTLS +ACL +XZ +LZ4 +SECCOMP +BLKID +ELFUTILS +KMOD -IDN2 +IDN -PCRE2 default-hierarchy=hybrid)
systemd[1]: Detected architecture arm.

Welcome to Raspbian GNU/Linux 10 (buster)!

systemd[1]: Set hostname to <raspberrypi>.
systemd[1]: File /lib/systemd/system/systemd-journald.service:12 configures an IP firewall (IPAddressDeny=any), but the local system does not support BPF/cgroup based firewalling.
systemd[1]: Proceeding WITHOUT firewalling in effect! (This warning is only shown for the first loaded unit using IP firewalling.)
random: systemd: uninitialized urandom read (16 bytes read)
random: systemd: uninitialized urandom read (16 bytes read)
systemd[1]: Created slice system-getty.slice.
[  OK  ] Created slice system-getty.slice.
random: systemd: uninitialized urandom read (16 bytes read)
systemd[1]: Created slice User and Session Slice.
[  OK  ] Created slice User and Session Slice.
systemd[1]: Started Dispatch Password Requests to Console Directory Watch.
[  OK  ] Started Dispatch Password …ts to Console Directory Watch.
systemd[1]: Listening on fsck to fsckd communication Socket.
[  OK  ] Listening on fsck to fsckd communication Socket.
systemd[1]: Listening on Journal Socket (/dev/log).
[  OK  ] Listening on Journal Socket (/dev/log).
[  OK  ] Listening on Journal Socket.
         Mounting Kernel Debug File System...
         Starting Load Kernel Modules...
         Mounting RPC Pipe File System...
systemd[1]: Condition check resulted in Journal Audit Socket being skipped.
systemd[1]: Listening on udev Kernel Socket.
[  OK  ] Listening on udev Kernel Socket.
systemd[1]: Mounting POSIX Message Queue File System...
         Mounting POSIX Message Queue File System...
systemd[1]: Created slice system-serial\x2dgetty.slice.
[  OK  ] Created slice system-serial\x2dgetty.slice.
systemd[1]: Starting Set the console keyboard layout...
         Starting Set the console keyboard layout...
systemd[1]: Reached target Slices.
[  OK  ] Reached target Slices.
systemd[1]: Condition check resulted in Arbitrary Executable File Formats File System Automount Point being skipped.
systemd[1]: Listening on udev Control Socket.
[  OK  ] Listening on udev Control Socket.
systemd[1]: Starting udev Coldplug all Devices...
         Starting udev Coldplug all Devices...
systemd[1]: Starting Restore / save the current clock...
         Starting Restore / save the current clock...
[  OK  ] Created slice system-systemd\x2dfsck.slice.
[  OK  ] Listening on Syslog Socket.
         Starting Journal Service...
[  OK  ] Reached target Swap.
[  OK  ] Started Forward Password R…uests to Wall Directory Watch.
[  OK  ] Reached target Local Encrypted Volumes.
[  OK  ] Reached target Paths.
[  OK  ] Listening on initctl Compatibility Named Pipe.
[  OK  ] Mounted Kernel Debug File System.
[  OK  ] Started Load Kernel Modules.
[  OK  ] Mounted RPC Pipe File System.
[  OK  ] Mounted POSIX Message Queue File System.
         Starting Apply Kernel Variables...
[  OK  ] Started Restore / save the current clock.
random: crng init done
random: 7 urandom warning(s) missed due to ratelimiting
         Starting File System Check on Root Device...
[  OK  ] Started Apply Kernel Variables.
[  OK  ] Started File System Check Daemon to report status.
[  OK  ] Started Journal Service.
[  OK  ] Started File System Check on Root Device.
         Starting Remount Root and Kernel File Systems...
[  OK  ] Started Remount Root and Kernel File Systems.
         Starting Create System Users...
         Starting Flush Journal to Persistent Storage...
         Starting Load/Save Random Seed...
[  OK  ] Started Set the console keyboard layout.
[  OK  ] Started Flush Journal to Persistent Storage.
[  OK  ] Started udev Coldplug all Devices.
[  OK  ] Started Create System Users.
[  OK  ] Started Load/Save Random Seed.
         Starting Create Static Device Nodes in /dev...
         Starting Helper to synchronize boot up for ifupdown...
[  OK  ] Started Helper to synchronize boot up for ifupdown.
[  OK  ] Started Create Static Device Nodes in /dev.
         Starting udev Kernel Device Manager...
[  OK  ] Reached target Local File Systems (Pre).
[  OK  ] Started udev Kernel Device Manager.
[  OK  ] Found device /dev/ttyAMA0.
[  OK  ] Found device QEMU_HARDDISK boot.
         Starting File System Check…isk/by-partuuid/738a4d67-01...
[  OK  ] Started File System Check …/disk/by-partuuid/738a4d67-01.
         Mounting /boot...
[  OK  ] Mounted /boot.
[  OK  ] Reached target Local File Systems.
         Starting Create Volatile Files and Directories...
         Starting Preprocess NFS configuration...
         Starting Set console font and keymap...
         Starting Raise network interfaces...
[  OK  ] Started Preprocess NFS configuration.
[  OK  ] Started Set console font and keymap.
[  OK  ] Reached target NFS client services.
[  OK  ] Reached target Remote File Systems (Pre).
[  OK  ] Reached target Remote File Systems.
[  OK  ] Started Create Volatile Files and Directories.
         Starting Network Time Synchronization...
         Starting Update UTMP about System Boot/Shutdown...
[  OK  ] Started Update UTMP about System Boot/Shutdown.
[  OK  ] Started Network Time Synchronization.
[  OK  ] Reached target System Time Synchronized.
[  OK  ] Reached target System Initialization.
[  OK  ] Started Daily man-db regeneration.
[  OK  ] Started Daily apt download activities.
[  OK  ] Started Daily rotation of log files.
[  OK  ] Listening on triggerhappy.socket.
[  OK  ] Listening on Avahi mDNS/DNS-SD Stack Activation Socket.
[  OK  ] Started Daily Cleanup of Temporary Directories.
[  OK  ] Listening on D-Bus System Message Bus Socket.
[  OK  ] Reached target Sockets.
[  OK  ] Reached target Basic System.
         Starting System Logging Service...
         Starting triggerhappy global hotkey daemon...
         Starting Check for Raspberry Pi EEPROM updates...
         Starting rng-tools.service...
         Starting dphys-swapfile - …unt, and delete a swap file...
         Starting dhcpcd on all interfaces...
[  OK  ] Started Regular background program processing daemon.
         Starting Login Service...
[  OK  ] Started D-Bus System Message Bus.
[  OK  ] Started Daily apt upgrade and clean activities.
[  OK  ] Reached target Timers.
         Starting Avahi mDNS/DNS-SD Stack...
         Starting WPA supplicant...
         Starting LSB: Switch to on…nless shift key is pressed)...
[  OK  ] Started triggerhappy global hotkey daemon.
[  OK  ] Started System Logging Service.
[  OK  ] Started Raise network interfaces.
[  OK  ] Started Check for Raspberry Pi EEPROM updates.
[FAILED] Failed to start rng-tools.service.
See 'systemctl status rng-tools.service' for details.
         Starting Daily man-db regeneration...
         Starting Rotate log files...
[  OK  ] Started Avahi mDNS/DNS-SD Stack.
[  OK  ] Started WPA supplicant.
[  OK  ] Started Login Service.
[  OK  ] Started dphys-swapfile - s…mount, and delete a swap file.
[  OK  ] Started LSB: Switch to ond…(unless shift key is pressed).
[  OK  ] Started Rotate log files.
[  OK  ] Started dhcpcd on all interfaces.
[  OK  ] Reached target Network.
         Starting Permit User Sessions...
         Starting /etc/rc.local Compatibility...
         Starting Daily apt download activities...

My IP address is 10.0.2.15 
[  OK  ] Started /etc/rc.local Compatibility.
[  OK  ] Started Permit User Sessions.
[  OK  ] Started Getty on tty1.
[  OK  ] Started Serial Getty on ttyAMA0.
[  OK  ] Reached target Login Prompts.

Raspbian GNU/Linux 10 raspberrypi ttyAMA0
```